Archive member included to satisfy reference by file (symbol)

c:/st/stm32cubeide_1.8.0/stm32cubeide/plugins/com.st.stm32cube.ide.mcu.externaltools.gnu-tools-for-stm32.9-2020-q2-update.win32_2.0.0.202105311346/tools/bin/../lib/gcc/arm-none-eabi/9.3.1/../../../../arm-none-eabi/lib/thumb/v7e-m+fp/hard\libc_nano.a(lib_a-errno.o)
                              ./Core/Src/syscalls.o (__errno)
c:/st/stm32cubeide_1.8.0/stm32cubeide/plugins/com.st.stm32cube.ide.mcu.externaltools.gnu-tools-for-stm32.9-2020-q2-update.win32_2.0.0.202105311346/tools/bin/../lib/gcc/arm-none-eabi/9.3.1/../../../../arm-none-eabi/lib/thumb/v7e-m+fp/hard\libc_nano.a(lib_a-exit.o)
                              c:/st/stm32cubeide_1.8.0/stm32cubeide/plugins/com.st.stm32cube.ide.mcu.externaltools.gnu-tools-for-stm32.9-2020-q2-update.win32_2.0.0.202105311346/tools/bin/../lib/gcc/arm-none-eabi/9.3.1/../../../../arm-none-eabi/lib/thumb/v7e-m+fp/hard/crt0.o (exit)
c:/st/stm32cubeide_1.8.0/stm32cubeide/plugins/com.st.stm32cube.ide.mcu.externaltools.gnu-tools-for-stm32.9-2020-q2-update.win32_2.0.0.202105311346/tools/bin/../lib/gcc/arm-none-eabi/9.3.1/../../../../arm-none-eabi/lib/thumb/v7e-m+fp/hard\libc_nano.a(lib_a-impure.o)
                              c:/st/stm32cubeide_1.8.0/stm32cubeide/plugins/com.st.stm32cube.ide.mcu.externaltools.gnu-tools-for-stm32.9-2020-q2-update.win32_2.0.0.202105311346/tools/bin/../lib/gcc/arm-none-eabi/9.3.1/../../../../arm-none-eabi/lib/thumb/v7e-m+fp/hard\libc_nano.a(lib_a-exit.o) (_global_impure_ptr)
c:/st/stm32cubeide_1.8.0/stm32cubeide/plugins/com.st.stm32cube.ide.mcu.externaltools.gnu-tools-for-stm32.9-2020-q2-update.win32_2.0.0.202105311346/tools/bin/../lib/gcc/arm-none-eabi/9.3.1/../../../../arm-none-eabi/lib/thumb/v7e-m+fp/hard\libc_nano.a(lib_a-init.o)
                              c:/st/stm32cubeide_1.8.0/stm32cubeide/plugins/com.st.stm32cube.ide.mcu.externaltools.gnu-tools-for-stm32.9-2020-q2-update.win32_2.0.0.202105311346/tools/bin/../lib/gcc/arm-none-eabi/9.3.1/../../../../arm-none-eabi/lib/thumb/v7e-m+fp/hard/crt0.o (__libc_init_array)
c:/st/stm32cubeide_1.8.0/stm32cubeide/plugins/com.st.stm32cube.ide.mcu.externaltools.gnu-tools-for-stm32.9-2020-q2-update.win32_2.0.0.202105311346/tools/bin/../lib/gcc/arm-none-eabi/9.3.1/../../../../arm-none-eabi/lib/thumb/v7e-m+fp/hard\libc_nano.a(lib_a-memset.o)
                              c:/st/stm32cubeide_1.8.0/stm32cubeide/plugins/com.st.stm32cube.ide.mcu.externaltools.gnu-tools-for-stm32.9-2020-q2-update.win32_2.0.0.202105311346/tools/bin/../lib/gcc/arm-none-eabi/9.3.1/../../../../arm-none-eabi/lib/thumb/v7e-m+fp/hard/crt0.o (memset)
c:/st/stm32cubeide_1.8.0/stm32cubeide/plugins/com.st.stm32cube.ide.mcu.externaltools.gnu-tools-for-stm32.9-2020-q2-update.win32_2.0.0.202105311346/tools/bin/../lib/gcc/arm-none-eabi/9.3.1/../../../../arm-none-eabi/lib/thumb/v7e-m+fp/hard\libc_nano.a(lib_a-sprintf.o)
                              ./Core/Src/main.o (sprintf)
c:/st/stm32cubeide_1.8.0/stm32cubeide/plugins/com.st.stm32cube.ide.mcu.externaltools.gnu-tools-for-stm32.9-2020-q2-update.win32_2.0.0.202105311346/tools/bin/../lib/gcc/arm-none-eabi/9.3.1/../../../../arm-none-eabi/lib/thumb/v7e-m+fp/hard\libc_nano.a(lib_a-strlen.o)
                              ./Core/Src/main.o (strlen)
c:/st/stm32cubeide_1.8.0/stm32cubeide/plugins/com.st.stm32cube.ide.mcu.externaltools.gnu-tools-for-stm32.9-2020-q2-update.win32_2.0.0.202105311346/tools/bin/../lib/gcc/arm-none-eabi/9.3.1/../../../../arm-none-eabi/lib/thumb/v7e-m+fp/hard\libc_nano.a(lib_a-nano-svfprintf.o)
                              c:/st/stm32cubeide_1.8.0/stm32cubeide/plugins/com.st.stm32cube.ide.mcu.externaltools.gnu-tools-for-stm32.9-2020-q2-update.win32_2.0.0.202105311346/tools/bin/../lib/gcc/arm-none-eabi/9.3.1/../../../../arm-none-eabi/lib/thumb/v7e-m+fp/hard\libc_nano.a(lib_a-sprintf.o) (_svfprintf_r)
c:/st/stm32cubeide_1.8.0/stm32cubeide/plugins/com.st.stm32cube.ide.mcu.externaltools.gnu-tools-for-stm32.9-2020-q2-update.win32_2.0.0.202105311346/tools/bin/../lib/gcc/arm-none-eabi/9.3.1/../../../../arm-none-eabi/lib/thumb/v7e-m+fp/hard\libc_nano.a(lib_a-nano-vfprintf_i.o)
                              c:/st/stm32cubeide_1.8.0/stm32cubeide/plugins/com.st.stm32cube.ide.mcu.externaltools.gnu-tools-for-stm32.9-2020-q2-update.win32_2.0.0.202105311346/tools/bin/../lib/gcc/arm-none-eabi/9.3.1/../../../../arm-none-eabi/lib/thumb/v7e-m+fp/hard\libc_nano.a(lib_a-nano-svfprintf.o) (_printf_i)
c:/st/stm32cubeide_1.8.0/stm32cubeide/plugins/com.st.stm32cube.ide.mcu.externaltools.gnu-tools-for-stm32.9-2020-q2-update.win32_2.0.0.202105311346/tools/bin/../lib/gcc/arm-none-eabi/9.3.1/../../../../arm-none-eabi/lib/thumb/v7e-m+fp/hard\libc_nano.a(lib_a-memchr.o)
[...]
Memory Configuration

Name             Origin             Length             Attributes
RAM              0x0000000020000000 0x0000000000020000 xrw
FLASH            0x0000000008000000 0x0000000000080000 xr
*default*        0x0000000000000000 0xffffffffffffffff

Linker script and memory map

LOAD c:/st/stm32cubeide_1.8.0/stm32cubeide/plugins/com.st.stm32cube.ide.mcu.externaltools.gnu-tools-for-stm32.9-2020-q2-update.win32_2.0.0.202105311346/tools/bin/../lib/gcc/arm-none-eabi/9.3.1/thumb/v7e-m+fp/hard/crti.o
LOAD c:/st/stm32cubeide_1.8.0/stm32cubeide/plugins/com.st.stm32cube.ide.mcu.externaltools.gnu-tools-for-stm32.9-2020-q2-update.win32_2.0.0.202105311346/tools/bin/../lib/gcc/arm-none-eabi/9.3.1/thumb/v7e-m+fp/hard/crtbegin.o
LOAD c:/st/stm32cubeide_1.8.0/stm32cubeide/plugins/com.st.stm32cube.ide.mcu.externaltools.gnu-tools-for-stm32.9-2020-q2-update.win32_2.0.0.202105311346/tools/bin/../lib/gcc/arm-none-eabi/9.3.1/../../../../arm-none-eabi/lib/thumb/v7e-m+fp/hard/crt0.o
LOAD ./Core/Src/main.o
LOAD ./Core/Src/stm32f4xx_hal_msp.o
LOAD ./Core/Src/stm32f4xx_it.o
LOAD ./Core/Src/syscalls.o
LOAD ./Core/Src/sysmem.o
LOAD ./Core/Src/system_stm32f4xx.o
LOAD ./Core/Startup/startup_stm32f411retx.o
LOAD ./Drivers/STM32F4xx_HAL_Driver/Src/stm32f4xx_hal.o
LOAD ./Drivers/STM32F4xx_HAL_Driver/Src/stm32f4xx_hal_adc.o
LOAD ./Drivers/STM32F4xx_HAL_Driver/Src/stm32f4xx_hal_adc_ex.o
LOAD ./Drivers/STM32F4xx_HAL_Driver/Src/stm32f4xx_hal_cortex.o
LOAD ./Drivers/STM32F4xx_HAL_Driver/Src/stm32f4xx_hal_dma.o
LOAD ./Drivers/STM32F4xx_HAL_Driver/Src/stm32f4xx_hal_dma_ex.o
LOAD ./Drivers/STM32F4xx_HAL_Driver/Src/stm32f4xx_hal_exti.o
LOAD ./Drivers/STM32F4xx_HAL_Driver/Src/stm32f4xx_hal_flash.o
LOAD ./Drivers/STM32F4xx_HAL_Driver/Src/stm32f4xx_hal_flash_ex.o
LOAD ./Drivers/STM32F4xx_HAL_Driver/Src/stm32f4xx_hal_flash_ramfunc.o
LOAD ./Drivers/STM32F4xx_HAL_Driver/Src/stm32f4xx_hal_gpio.o
LOAD ./Drivers/STM32F4xx_HAL_Driver/Src/stm32f4xx_hal_i2c.o
LOAD ./Drivers/STM32F4xx_HAL_Driver/Src/stm32f4xx_hal_i2c_ex.o
LOAD ./Drivers/STM32F4xx_HAL_Driver/Src/stm32f4xx_hal_pwr.o
LOAD ./Drivers/STM32F4xx_HAL_Driver/Src/stm32f4xx_hal_pwr_ex.o
LOAD ./Drivers/STM32F4xx_HAL_Driver/Src/stm32f4xx_hal_rcc.o
LOAD ./Drivers/STM32F4xx_HAL_Driver/Src/stm32f4xx_hal_rcc_ex.o
LOAD ./Drivers/STM32F4xx_HAL_Driver/Src/stm32f4xx_hal_spi.o
LOAD ./Drivers/STM32F4xx_HAL_Driver/Src/stm32f4xx_hal_tim.o
LOAD ./Drivers/STM32F4xx_HAL_Driver/Src/stm32f4xx_hal_tim_ex.o
LOAD ./Drivers/STM32F4xx_HAL_Driver/Src/stm32f4xx_hal_uart.o
LOAD ./Drivers/STM32F4xx_HAL_Driver/Src/stm32f4xx_ll_adc.o
START GROUP
LOAD c:/st/stm32cubeide_1.8.0/stm32cubeide/plugins/com.st.stm32cube.ide.mcu.externaltools.gnu-tools-for-stm32.9-2020-q2-update.win32_2.0.0.202105311346/tools/bin/../lib/gcc/arm-none-eabi/9.3.1/../../../../arm-none-eabi/lib/thumb/v7e-m+fp/hard\libc_nano.a
LOAD c:/st/stm32cubeide_1.8.0/stm32cubeide/plugins/com.st.stm32cube.ide.mcu.externaltools.gnu-tools-for-stm32.9-2020-q2-update.win32_2.0.0.202105311346/tools/bin/../lib/gcc/arm-none-eabi/9.3.1/../../../../arm-none-eabi/lib/thumb/v7e-m+fp/hard\libm.a
END GROUP
START GROUP
LOAD c:/st/stm32cubeide_1.8.0/stm32cubeide/plugins/com.st.stm32cube.ide.mcu.externaltools.gnu-tools-for-stm32.9-2020-q2-update.win32_2.0.0.202105311346/tools/bin/../lib/gcc/arm-none-eabi/9.3.1/thumb/v7e-m+fp/hard\libgcc.a
LOAD c:/st/stm32cubeide_1.8.0/stm32cubeide/plugins/com.st.stm32cube.ide.mcu.externaltools.gnu-tools-for-stm32.9-2020-q2-update.win32_2.0.0.202105311346/tools/bin/../lib/gcc/arm-none-eabi/9.3.1/../../../../arm-none-eabi/lib/thumb/v7e-m+fp/hard\libc_nano.a
END GROUP
START GROUP
LOAD c:/st/stm32cubeide_1.8.0/stm32cubeide/plugins/com.st.stm32cube.ide.mcu.externaltools.gnu-tools-for-stm32.9-2020-q2-update.win32_2.0.0.202105311346/tools/bin/../lib/gcc/arm-none-eabi/9.3.1/thumb/v7e-m+fp/hard\libgcc.a
LOAD c:/st/stm32cubeide_1.8.0/stm32cubeide/plugins/com.st.stm32cube.ide.mcu.externaltools.gnu-tools-for-stm32.9-2020-q2-update.win32_2.0.0.202105311346/tools/bin/../lib/gcc/arm-none-eabi/9.3.1/../../../../arm-none-eabi/lib/thumb/v7e-m+fp/hard\libc_nano.a
LOAD c:/st/stm32cubeide_1.8.0/stm32cubeide/plugins/com.st.stm32cube.ide.mcu.externaltools.gnu-tools-for-stm32.9-2020-q2-update.win32_2.0.0.202105311346/tools/bin/../lib/gcc/arm-none-eabi/9.3.1/../../../../arm-none-eabi/lib/thumb/v7e-m+fp/hard\libnosys.a
END GROUP
START GROUP
LOAD c:/st/stm32cubeide_1.8.0/stm32cubeide/plugins/com.st.stm32cube.ide.mcu.externaltools.gnu-tools-for-stm32.9-2020-q2-update.win32_2.0.0.202105311346/tools/bin/../lib/gcc/arm-none-eabi/9.3.1/thumb/v7e-m+fp/hard\libgcc.a
LOAD c:/st/stm32cubeide_1.8.0/stm32cubeide/plugins/com.st.stm32cube.ide.mcu.externaltools.gnu-tools-for-stm32.9-2020-q2-update.win32_2.0.0.202105311346/tools/bin/../lib/gcc/arm-none-eabi/9.3.1/../../../../arm-none-eabi/lib/thumb/v7e-m+fp/hard\libc_nano.a
LOAD c:/st/stm32cubeide_1.8.0/stm32cubeide/plugins/com.st.stm32cube.ide.mcu.externaltools.gnu-tools-for-stm32.9-2020-q2-update.win32_2.0.0.202105311346/tools/bin/../lib/gcc/arm-none-eabi/9.3.1/../../../../arm-none-eabi/lib/thumb/v7e-m+fp/hard\libnosys.a
END GROUP
LOAD c:/st/stm32cubeide_1.8.0/stm32cubeide/plugins/com.st.stm32cube.ide.mcu.externaltools.gnu-tools-for-stm32.9-2020-q2-update.win32_2.0.0.202105311346/tools/bin/../lib/gcc/arm-none-eabi/9.3.1/thumb/v7e-m+fp/hard/crtend.o
LOAD c:/st/stm32cubeide_1.8.0/stm32cubeide/plugins/com.st.stm32cube.ide.mcu.externaltools.gnu-tools-for-stm32.9-2020-q2-update.win32_2.0.0.202105311346/tools/bin/../lib/gcc/arm-none-eabi/9.3.1/thumb/v7e-m+fp/hard/crtn.o
                0x0000000020020000                _estack = (ORIGIN (RAM) + LENGTH (RAM))
                0x0000000000000200                _Min_Heap_Size = 0x200
                0x0000000000000400                _Min_Stack_Size = 0x400

.isr_vector     0x0000000008000000      0x198
                0x0000000008000000                . = ALIGN (0x4)
 *(.isr_vector)
 .isr_vector    0x0000000008000000      0x198 ./Core/Startup/startup_stm32f411retx.o
                0x0000000008000000                g_pfnVectors
                0x0000000008000198                . = ALIGN (0x4)

.text           0x00000000080001a0     0x76d4
                0x00000000080001a0                . = ALIGN (0x4)
 *(.text)
 .text          0x00000000080001a0       0x40 c:/st/stm32cubeide_1.8.0/stm32cubeide/plugins/com.st.stm32cube.ide.mcu.externaltools.gnu-tools-for-stm32.9-2020-q2-update.win32_2.0.0.202105311346/tools/bin/../lib/gcc/arm-none-eabi/9.3.1/thumb/v7e-m+fp/hard/crtbegin.o
 .text          0x00000000080001e0       0x10 c:/st/stm32cubeide_1.8.0/stm32cubeide/plugins/com.st.stm32cube.ide.mcu.externaltools.gnu-tools-for-stm32.9-2020-q2-update.win32_2.0.0.202105311346/tools/bin/../lib/gcc/arm-none-eabi/9.3.1/../../../../arm-none-eabi/lib/thumb/v7e-m+fp/hard\libc_nano.a(lib_a-strlen.o)
                0x00000000080001e0                strlen
 .text          0x00000000080001f0       0xa0 c:/st/stm32cubeide_1.8.0/stm32cubeide/plugins/com.st.stm32cube.ide.mcu.externaltools.gnu-tools-for-stm32.9-2020-q2-update.win32_2.0.0.202105311346/tools/bin/../lib/gcc/arm-none-eabi/9.3.1/../../../../arm-none-eabi/lib/thumb/v7e-m+fp/hard\libc_nano.a(lib_a-memchr.o)
                0x00000000080001f0                memchr
 .text          0x0000000008000290      0x378 c:/st/stm32cubeide_1.8.0/stm32cubeide/plugins/com.st.stm32cube.ide.mcu.externaltools.gnu-tools-for-stm32.9-2020-q2-update.win32_2.0.0.202105311346/tools/bin/../lib/gcc/arm-none-eabi/9.3.1/thumb/v7e-m+fp/hard\libgcc.a(_arm_addsubdf3.o)
                0x0000000008000290                __aeabi_drsub
                0x0000000008000298                __aeabi_dsub
                0x0000000008000298                __subdf3
                0x000000000800029c                __aeabi_dadd
                0x000000000800029c                __adddf3
                0x0000000008000514                __floatunsidf
                0x0000000008000514                __aeabi_ui2d
                0x0000000008000534                __floatsidf
                0x0000000008000534                __aeabi_i2d
                0x0000000008000558                __aeabi_f2d
                0x0000000008000558                __extendsfdf2
                0x000000000800059c                __floatundidf
                0x000000000800059c                __aeabi_ul2d
                0x00000000080005ac                __floatdidf
                0x00000000080005ac                __aeabi_l2d
 .text          0x0000000008000608      0x424 c:/st/stm32cubeide_1.8.0/stm32cubeide/plugins/com.st.stm32cube.ide.mcu.externaltools.gnu-tools-for-stm32.9-2020-q2-update.win32_2.0.0.202105311346/tools/bin/../lib/gcc/arm-none-eabi/9.3.1/thumb/v7e-m+fp/hard\libgcc.a(_arm_muldivdf3.o)
                0x0000000008000608                __aeabi_dmul
                0x0000000008000608                __muldf3
                0x000000000800085c                __divdf3
                0x000000000800085c                __aeabi_ddiv
 .text          0x0000000008000a2c       0x40 c:/st/stm32cubeide_1.8.0/stm32cubeide/plugins/com.st.stm32cube.ide.mcu.externaltools.gnu-tools-for-stm32.9-2020-q2-update.win32_2.0.0.202105311346/tools/bin/../lib/gcc/arm-none-eabi/9.3.1/thumb/v7e-m+fp/hard\libgcc.a(_arm_fixunsdfsi.o)
                0x0000000008000a2c                __aeabi_d2uiz
                0x0000000008000a2c                __fixunsdfsi
 .text          0x0000000008000a6c       0x30 c:/st/stm32cubeide_1.8.0/stm32cubeide/plugins/com.st.stm32cube.ide.mcu.externaltools.gnu-tools-for-stm32.9-2020-q2-update.win32_2.0.0.202105311346/tools/bin/../lib/gcc/arm-none-eabi/9.3.1/thumb/v7e-m+fp/hard\libgcc.a(_aeabi_uldivmod.o)
                0x0000000008000a6c                __aeabi_uldivmod
 .text          0x0000000008000a9c      0x2c4 c:/st/stm32cubeide_1.8.0/stm32cubeide/plugins/com.st.stm32cube.ide.mcu.externaltools.gnu-tools-for-stm32.9-2020-q2-update.win32_2.0.0.202105311346/tools/bin/../lib/gcc/arm-none-eabi/9.3.1/thumb/v7e-m+fp/hard\libgcc.a(_udivmoddi4.o)
                0x0000000008000a9c                __udivmoddi4
 .text          0x0000000008000d60        0x4 c:/st/stm32cubeide_1.8.0/stm32cubeide/plugins/com.st.stm32cube.ide.mcu.externaltools.gnu-tools-for-stm32.9-2020-q2-update.win32_2.0.0.202105311346/tools/bin/../lib/gcc/arm-none-eabi/9.3.1/thumb/v7e-m+fp/hard\libgcc.a(_dvmd_tls.o)
                0x0000000008000d60                __aeabi_idiv0
                0x0000000008000d60                __aeabi_ldiv0
 *(.text*)
 .text.main     0x0000000008000d64       0x88 ./Core/Src/main.o
                0x0000000008000d64                main
 .text.SystemClock_Config
                0x0000000008000dec       0xd0 ./Core/Src/main.o
                0x0000000008000dec                SystemClock_Config
 .text.MX_ADC1_Init
                0x0000000008000ebc       0xa8 ./Core/Src/main.o
 .text.MX_I2C1_Init
                0x0000000008000f64       0x5c ./Core/Src/main.o
 .text.MX_SPI3_Init
                0x0000000008000fc0       0x6c ./Core/Src/main.o
 .text.MX_TIM11_Init
                0x000000000800102c       0x48 ./Core/Src/main.o
 .text.MX_USART2_UART_Init
                0x0000000008001074       0x54 ./Core/Src/main.o
 .text.MX_DMA_Init
                0x00000000080010c8       0x40 ./Core/Src/main.o
 .text.MX_GPIO_Init
                0x0000000008001108      0x10c ./Core/Src/main.o
 .text.UI_UART  0x0000000008001214      0x288 ./Core/Src/main.o
                0x0000000008001214                UI_UART
 .text.HAL_UART_RxCpltCallback
                0x000000000800149c       0x14 ./Core/Src/main.o
                0x000000000800149c                HAL_UART_RxCpltCallback
 .text.EEPROMWrite
                0x00000000080014b0       0x6c ./Core/Src/main.o
                0x00000000080014b0                EEPROMWrite
 .text.EEPROMRead
                0x000000000800151c       0x4c ./Core/Src/main.o
                0x000000000800151c                EEPROMRead
 .text.IOExpenderInit
                0x0000000008001568        0xe ./Core/Src/main.o
                0x0000000008001568                IOExpenderInit
 *fill*         0x0000000008001576        0x2 
 .text.HAL_ADC_ConvCpltCallback
                0x0000000008001578      0x114 ./Core/Src/main.o
                0x0000000008001578                HAL_ADC_ConvCpltCallback
 .text.HAL_TIM_PeriodElapsedCallback
                0x000000000800168c       0x3c ./Core/Src/main.o
                0x000000000800168c                HAL_TIM_PeriodElapsedCallback
 .text.micros   0x00000000080016c8       0x34 ./Core/Src/main.o
                0x00000000080016c8                micros
 .text.Error_Handler
                0x00000000080016fc        0xa ./Core/Src/main.o
                0x00000000080016fc                Error_Handler
 *fill*         0x0000000008001706        0x2 
 .text.HAL_MspInit
                0x0000000008001708       0x50 ./Core/Src/stm32f4xx_hal_msp.o
                0x0000000008001708                HAL_MspInit
 .text.HAL_ADC_MspInit
                0x0000000008001758       0xa4 ./Core/Src/stm32f4xx_hal_msp.o
                0x0000000008001758                HAL_ADC_MspInit
 .text.HAL_I2C_MspInit
                0x00000000080017fc       0xb0 ./Core/Src/stm32f4xx_hal_msp.o
                0x00000000080017fc                HAL_I2C_MspInit
 .text.HAL_SPI_MspInit
                0x00000000080018ac       0x90 ./Core/Src/stm32f4xx_hal_msp.o
                0x00000000080018ac                HAL_SPI_MspInit
 .text.HAL_TIM_Base_MspInit
                0x000000000800193c       0x50 ./Core/Src/stm32f4xx_hal_msp.o
                0x000000000800193c                HAL_TIM_Base_MspInit
 .text.HAL_UART_MspInit
                0x000000000800198c       0xa0 ./Core/Src/stm32f4xx_hal_msp.o
                0x000000000800198c                HAL_UART_MspInit
 .text.NMI_Handler
                0x0000000008001a2c        0x6 ./Core/Src/stm32f4xx_it.o
                0x0000000008001a2c                NMI_Handler
 .text.HardFault_Handler
                0x0000000008001a32        0x6 ./Core/Src/stm32f4xx_it.o
                0x0000000008001a32                HardFault_Handler
 .text.MemManage_Handler
                0x0000000008001a38        0x6 ./Core/Src/stm32f4xx_it.o
                0x0000000008001a38                MemManage_Handler
 .text.BusFault_Handler
                0x0000000008001a3e        0x6 ./Core/Src/stm32f4xx_it.o
                0x0000000008001a3e                BusFault_Handler
 .text.UsageFault_Handler
                0x0000000008001a44        0x6 ./Core/Src/stm32f4xx_it.o
                0x0000000008001a44                UsageFault_Handler
 .text.SVC_Handler
                0x0000000008001a4a        0xe ./Core/Src/stm32f4xx_it.o
                0x0000000008001a4a                SVC_Handler
 .text.DebugMon_Handler
                0x0000000008001a58        0xe ./Core/Src/stm32f4xx_it.o
                0x0000000008001a58                DebugMon_Handler
 .text.PendSV_Handler
                0x0000000008001a66        0xe ./Core/Src/stm32f4xx_it.o
                0x0000000008001a66                PendSV_Handler
 .text.SysTick_Handler
                0x0000000008001a74        0xc ./Core/Src/stm32f4xx_it.o
                0x0000000008001a74                SysTick_Handler
 .text.TIM1_TRG_COM_TIM11_IRQHandler
                0x0000000008001a80       0x14 ./Core/Src/stm32f4xx_it.o
                0x0000000008001a80                TIM1_TRG_COM_TIM11_IRQHandler
 .text.I2C1_EV_IRQHandler
                0x0000000008001a94       0x14 ./Core/Src/stm32f4xx_it.o
                0x0000000008001a94                I2C1_EV_IRQHandler
 .text.I2C1_ER_IRQHandler
                0x0000000008001aa8       0x14 ./Core/Src/stm32f4xx_it.o
                0x0000000008001aa8                I2C1_ER_IRQHandler
 .text.USART2_IRQHandler
                0x0000000008001abc       0x14 ./Core/Src/stm32f4xx_it.o
                0x0000000008001abc                USART2_IRQHandler
 .text.DMA2_Stream0_IRQHandler
                0x0000000008001ad0       0x14 ./Core/Src/stm32f4xx_it.o
                0x0000000008001ad0                DMA2_Stream0_IRQHandler
 .text._sbrk    0x0000000008001ae4       0x6c ./Core/Src/sysmem.o
                0x0000000008001ae4                _sbrk
 .text.SystemInit
                0x0000000008001b50       0x24 ./Core/Src/system_stm32f4xx.o
                0x0000000008001b50                SystemInit
 .text.Reset_Handler
                0x0000000008001b74       0x50 ./Core/Startup/startup_stm32f411retx.o
                0x0000000008001b74                Reset_Handler
 .text.Default_Handler
                0x0000000008001bc4        0x2 ./Core/Startup/startup_stm32f411retx.o
                0x0000000008001bc4                RTC_Alarm_IRQHandler
                0x0000000008001bc4                EXTI2_IRQHandler
                0x0000000008001bc4                SPI4_IRQHandler
                0x0000000008001bc4                TIM1_CC_IRQHandler
                0x0000000008001bc4                DMA2_Stream5_IRQHandler
                0x0000000008001bc4                DMA1_Stream5_IRQHandler
                0x0000000008001bc4                PVD_IRQHandler
                0x0000000008001bc4                SDIO_IRQHandler
                0x0000000008001bc4                TAMP_STAMP_IRQHandler
                0x0000000008001bc4                EXTI3_IRQHandler
                0x0000000008001bc4                TIM1_UP_TIM10_IRQHandler
                0x0000000008001bc4                I2C3_ER_IRQHandler
                0x0000000008001bc4                EXTI0_IRQHandler
                0x0000000008001bc4                I2C2_EV_IRQHandler
                0x0000000008001bc4                DMA1_Stream2_IRQHandler
                0x0000000008001bc4                FPU_IRQHandler
                0x0000000008001bc4                DMA2_Stream2_IRQHandler
                0x0000000008001bc4                SPI1_IRQHandler
                0x0000000008001bc4                TIM1_BRK_TIM9_IRQHandler
                0x0000000008001bc4                DMA2_Stream3_IRQHandler
                0x0000000008001bc4                USART6_IRQHandler
                0x0000000008001bc4                TIM4_IRQHandler
                0x0000000008001bc4                DMA1_Stream6_IRQHandler
                0x0000000008001bc4                DMA1_Stream1_IRQHandler
                0x0000000008001bc4                TIM3_IRQHandler
                0x0000000008001bc4                RCC_IRQHandler
                0x0000000008001bc4                Default_Handler
                0x0000000008001bc4                EXTI15_10_IRQHandler
                0x0000000008001bc4                ADC_IRQHandler
                0x0000000008001bc4                DMA1_Stream7_IRQHandler
                0x0000000008001bc4                SPI5_IRQHandler
                0x0000000008001bc4                TIM5_IRQHandler
                0x0000000008001bc4                DMA2_Stream7_IRQHandler
                0x0000000008001bc4                I2C3_EV_IRQHandler
                0x0000000008001bc4                EXTI9_5_IRQHandler
                0x0000000008001bc4                RTC_WKUP_IRQHandler
                0x0000000008001bc4                SPI2_IRQHandler
                0x0000000008001bc4                DMA1_Stream0_IRQHandler
                0x0000000008001bc4                EXTI4_IRQHandler
                0x0000000008001bc4                WWDG_IRQHandler
                0x0000000008001bc4                TIM2_IRQHandler
                0x0000000008001bc4                OTG_FS_WKUP_IRQHandler
                0x0000000008001bc4                EXTI1_IRQHandler
                0x0000000008001bc4                I2C2_ER_IRQHandler
                0x0000000008001bc4                DMA2_Stream1_IRQHandler
                0x0000000008001bc4                FLASH_IRQHandler
                0x0000000008001bc4                DMA2_Stream4_IRQHandler
                0x0000000008001bc4                USART1_IRQHandler
                0x0000000008001bc4                OTG_FS_IRQHandler
                0x0000000008001bc4                SPI3_IRQHandler
                0x0000000008001bc4                DMA1_Stream4_IRQHandler
                0x0000000008001bc4                DMA2_Stream6_IRQHandler
                0x0000000008001bc4                DMA1_Stream3_IRQHandler
 *fill*         0x0000000008001bc6        0x2 
 .text.HAL_Init
                0x0000000008001bc8       0x44 ./Drivers/STM32F4xx_HAL_Driver/Src/stm32f4xx_hal.o
                0x0000000008001bc8                HAL_Init
 .text.HAL_InitTick
                0x0000000008001c0c       0x60 ./Drivers/STM32F4xx_HAL_Driver/Src/stm32f4xx_hal.o
                0x0000000008001c0c                HAL_InitTick
 .text.HAL_IncTick
                0x0000000008001c6c       0x28 ./Drivers/STM32F4xx_HAL_Driver/Src/stm32f4xx_hal.o
                0x0000000008001c6c                HAL_IncTick
 .text.HAL_GetTick
                0x0000000008001c94       0x18 ./Drivers/STM32F4xx_HAL_Driver/Src/stm32f4xx_hal.o
                0x0000000008001c94                HAL_GetTick
 .text.HAL_ADC_Init
                0x0000000008001cac       0x86 ./Drivers/STM32F4xx_HAL_Driver/Src/stm32f4xx_hal_adc.o
                0x0000000008001cac                HAL_ADC_Init
 *fill*         0x0000000008001d32        0x2 
 .text.HAL_ADC_Start_DMA
                0x0000000008001d34      0x1e0 ./Drivers/STM32F4xx_HAL_Driver/Src/stm32f4xx_hal_adc.o
                0x0000000008001d34                HAL_ADC_Start_DMA
 .text.HAL_ADC_ConvHalfCpltCallback
                0x0000000008001f14       0x14 ./Drivers/STM32F4xx_HAL_Driver/Src/stm32f4xx_hal_adc.o
                0x0000000008001f14                HAL_ADC_ConvHalfCpltCallback
 .text.HAL_ADC_ErrorCallback
                0x0000000008001f28       0x14 ./Drivers/STM32F4xx_HAL_Driver/Src/stm32f4xx_hal_adc.o
                0x0000000008001f28                HAL_ADC_ErrorCallback
 .text.HAL_ADC_ConfigChannel
                0x0000000008001f3c      0x264 ./Drivers/STM32F4xx_HAL_Driver/Src/stm32f4xx_hal_adc.o
                0x0000000008001f3c                HAL_ADC_ConfigChannel
 .text.ADC_Init
                0x00000000080021a0      0x1f8 ./Drivers/STM32F4xx_HAL_Driver/Src/stm32f4xx_hal_adc.o
 .text.ADC_DMAConvCplt
                0x0000000008002398       0xba ./Drivers/STM32F4xx_HAL_Driver/Src/stm32f4xx_hal_adc.o
 .text.ADC_DMAHalfConvCplt
                0x0000000008002452       0x1c ./Drivers/STM32F4xx_HAL_Driver/Src/stm32f4xx_hal_adc.o
 .text.ADC_DMAError
                0x000000000800246e       0x2e ./Drivers/STM32F4xx_HAL_Driver/Src/stm32f4xx_hal_adc.o
 .text.__NVIC_SetPriorityGrouping
                0x000000000800249c       0x48 ./Drivers/STM32F4xx_HAL_Driver/Src/stm32f4xx_hal_cortex.o
 .text.__NVIC_GetPriorityGrouping
                0x00000000080024e4       0x1c ./Drivers/STM32F4xx_HAL_Driver/Src/stm32f4xx_hal_cortex.o
 .text.__NVIC_EnableIRQ
                0x0000000008002500       0x3c ./Drivers/STM32F4xx_HAL_Driver/Src/stm32f4xx_hal_cortex.o
 .text.__NVIC_SetPriority
                0x000000000800253c       0x54 ./Drivers/STM32F4xx_HAL_Driver/Src/stm32f4xx_hal_cortex.o
 .text.NVIC_EncodePriority
                0x0000000008002590       0x66 ./Drivers/STM32F4xx_HAL_Driver/Src/stm32f4xx_hal_cortex.o
 *fill*         0x00000000080025f6        0x2 
 .text.SysTick_Config
                0x00000000080025f8       0x44 ./Drivers/STM32F4xx_HAL_Driver/Src/stm32f4xx_hal_cortex.o
 .text.HAL_NVIC_SetPriorityGrouping
                0x000000000800263c       0x16 ./Drivers/STM32F4xx_HAL_Driver/Src/stm32f4xx_hal_cortex.o
                0x000000000800263c                HAL_NVIC_SetPriorityGrouping
 .text.HAL_NVIC_SetPriority
                0x0000000008002652       0x38 ./Drivers/STM32F4xx_HAL_Driver/Src/stm32f4xx_hal_cortex.o
                0x0000000008002652                HAL_NVIC_SetPriority
 .text.HAL_NVIC_EnableIRQ
                0x000000000800268a       0x1c ./Drivers/STM32F4xx_HAL_Driver/Src/stm32f4xx_hal_cortex.o
                0x000000000800268a                HAL_NVIC_EnableIRQ
 .text.HAL_SYSTICK_Config
                0x00000000080026a6       0x18 ./Drivers/STM32F4xx_HAL_Driver/Src/stm32f4xx_hal_cortex.o
                0x00000000080026a6                HAL_SYSTICK_Config
 *fill*         0x00000000080026be        0x2 
 .text.HAL_DMA_Init
                0x00000000080026c0      0x15c ./Drivers/STM32F4xx_HAL_Driver/Src/stm32f4xx_hal_dma.o
                0x00000000080026c0                HAL_DMA_Init
 .text.HAL_DMA_Start_IT
                0x000000000800281c       0xb0 ./Drivers/STM32F4xx_HAL_Driver/Src/stm32f4xx_hal_dma.o
                0x000000000800281c                HAL_DMA_Start_IT
 .text.HAL_DMA_Abort
                0x00000000080028cc       0xe0 ./Drivers/STM32F4xx_HAL_Driver/Src/stm32f4xx_hal_dma.o
                0x00000000080028cc                HAL_DMA_Abort
 .text.HAL_DMA_Abort_IT
                0x00000000080029ac       0x44 ./Drivers/STM32F4xx_HAL_Driver/Src/stm32f4xx_hal_dma.o
                0x00000000080029ac                HAL_DMA_Abort_IT
 .text.HAL_DMA_IRQHandler
                0x00000000080029f0      0x314 ./Drivers/STM32F4xx_HAL_Driver/Src/stm32f4xx_hal_dma.o
                0x00000000080029f0                HAL_DMA_IRQHandler
 .text.HAL_DMA_GetState
                0x0000000008002d04       0x1c ./Drivers/STM32F4xx_HAL_Driver/Src/stm32f4xx_hal_dma.o
                0x0000000008002d04                HAL_DMA_GetState
 .text.DMA_SetConfig
                0x0000000008002d20       0x5c ./Drivers/STM32F4xx_HAL_Driver/Src/stm32f4xx_hal_dma.o
 .text.DMA_CalcBaseAndBitshift
                0x0000000008002d7c       0x6c ./Drivers/STM32F4xx_HAL_Driver/Src/stm32f4xx_hal_dma.o
 .text.DMA_CheckFifoParam
                0x0000000008002de8       0xf8 ./Drivers/STM32F4xx_HAL_Driver/Src/stm32f4xx_hal_dma.o
 .text.HAL_GPIO_Init
                0x0000000008002ee0      0x308 ./Drivers/STM32F4xx_HAL_Driver/Src/stm32f4xx_hal_gpio.o
                0x0000000008002ee0                HAL_GPIO_Init
 .text.HAL_GPIO_WritePin
                0x00000000080031e8       0x32 ./Drivers/STM32F4xx_HAL_Driver/Src/stm32f4xx_hal_gpio.o
                0x00000000080031e8                HAL_GPIO_WritePin
 *fill*         0x000000000800321a        0x2 
 .text.HAL_I2C_Init
                0x000000000800321c      0x288 ./Drivers/STM32F4xx_HAL_Driver/Src/stm32f4xx_hal_i2c.o
                0x000000000800321c                HAL_I2C_Init
 .text.HAL_I2C_Mem_Write_IT
                0x00000000080034a4      0x164 ./Drivers/STM32F4xx_HAL_Driver/Src/stm32f4xx_hal_i2c.o
                0x00000000080034a4                HAL_I2C_Mem_Write_IT
 .text.HAL_I2C_Mem_Read_IT
                0x0000000008003608      0x17c ./Drivers/STM32F4xx_HAL_Driver/Src/stm32f4xx_hal_i2c.o
                0x0000000008003608                HAL_I2C_Mem_Read_IT
 .text.HAL_I2C_EV_IRQHandler
                0x0000000008003784      0x2e2 ./Drivers/STM32F4xx_HAL_Driver/Src/stm32f4xx_hal_i2c.o
                0x0000000008003784                HAL_I2C_EV_IRQHandler
 .text.HAL_I2C_ER_IRQHandler
                0x0000000008003a66      0x14e ./Drivers/STM32F4xx_HAL_Driver/Src/stm32f4xx_hal_i2c.o
                0x0000000008003a66                HAL_I2C_ER_IRQHandler
 .text.HAL_I2C_MasterTxCpltCallback
                0x0000000008003bb4       0x14 ./Drivers/STM32F4xx_HAL_Driver/Src/stm32f4xx_hal_i2c.o
                0x0000000008003bb4                HAL_I2C_MasterTxCpltCallback
 .text.HAL_I2C_MasterRxCpltCallback
                0x0000000008003bc8       0x14 ./Drivers/STM32F4xx_HAL_Driver/Src/stm32f4xx_hal_i2c.o
                0x0000000008003bc8                HAL_I2C_MasterRxCpltCallback
 .text.HAL_I2C_SlaveTxCpltCallback
                0x0000000008003bdc       0x14 ./Drivers/STM32F4xx_HAL_Driver/Src/stm32f4xx_hal_i2c.o
                0x0000000008003bdc                HAL_I2C_SlaveTxCpltCallback
 .text.HAL_I2C_SlaveRxCpltCallback
                0x0000000008003bf0       0x14 ./Drivers/STM32F4xx_HAL_Driver/Src/stm32f4xx_hal_i2c.o
                0x0000000008003bf0                HAL_I2C_SlaveRxCpltCallback
 .text.HAL_I2C_AddrCallback
                0x0000000008003c04       0x1c ./Drivers/STM32F4xx_HAL_Driver/Src/stm32f4xx_hal_i2c.o
                0x0000000008003c04                HAL_I2C_AddrCallback
 .text.HAL_I2C_ListenCpltCallback
                0x0000000008003c20       0x14 ./Drivers/STM32F4xx_HAL_Driver/Src/stm32f4xx_hal_i2c.o
                0x0000000008003c20                HAL_I2C_ListenCpltCallback
 .text.HAL_I2C_MemTxCpltCallback
                0x0000000008003c34       0x14 ./Drivers/STM32F4xx_HAL_Driver/Src/stm32f4xx_hal_i2c.o
                0x0000000008003c34                HAL_I2C_MemTxCpltCallback
 .text.HAL_I2C_MemRxCpltCallback
                0x0000000008003c48       0x14 ./Drivers/STM32F4xx_HAL_Driver/Src/stm32f4xx_hal_i2c.o
                0x0000000008003c48                HAL_I2C_MemRxCpltCallback
 .text.HAL_I2C_ErrorCallback
                0x0000000008003c5c       0x14 ./Drivers/STM32F4xx_HAL_Driver/Src/stm32f4xx_hal_i2c.o
                0x0000000008003c5c                HAL_I2C_ErrorCallback
 .text.HAL_I2C_AbortCpltCallback
                0x0000000008003c70       0x14 ./Drivers/STM32F4xx_HAL_Driver/Src/stm32f4xx_hal_i2c.o
                0x0000000008003c70                HAL_I2C_AbortCpltCallback
 .text.I2C_MasterTransmit_TXE
                0x0000000008003c84      0x138 ./Drivers/STM32F4xx_HAL_Driver/Src/stm32f4xx_hal_i2c.o
 .text.I2C_MasterTransmit_BTF
                0x0000000008003dbc       0xec ./Drivers/STM32F4xx_HAL_Driver/Src/stm32f4xx_hal_i2c.o
 .text.I2C_MemoryTransmit_TXE_BTF
                0x0000000008003ea8      0x128 ./Drivers/STM32F4xx_HAL_Driver/Src/stm32f4xx_hal_i2c.o
 .text.I2C_MasterReceive_RXNE
                0x0000000008003fd0      0x162 ./Drivers/STM32F4xx_HAL_Driver/Src/stm32f4xx_hal_i2c.o
 .text.I2C_MasterReceive_BTF
                0x0000000008004132      0x1d4 ./Drivers/STM32F4xx_HAL_Driver/Src/stm32f4xx_hal_i2c.o
 .text.I2C_Master_SB
                0x0000000008004306      0x10c ./Drivers/STM32F4xx_HAL_Driver/Src/stm32f4xx_hal_i2c.o
 .text.I2C_Master_ADD10
                0x0000000008004412       0x54 ./Drivers/STM32F4xx_HAL_Driver/Src/stm32f4xx_hal_i2c.o
 .text.I2C_Master_ADDR
                0x0000000008004466      0x322 ./Drivers/STM32F4xx_HAL_Driver/Src/stm32f4xx_hal_i2c.o
 .text.I2C_SlaveTransmit_TXE
                0x0000000008004788       0x7a ./Drivers/STM32F4xx_HAL_Driver/Src/stm32f4xx_hal_i2c.o
 .text.I2C_SlaveTransmit_BTF
                0x0000000008004802       0x42 ./Drivers/STM32F4xx_HAL_Driver/Src/stm32f4xx_hal_i2c.o
 .text.I2C_SlaveReceive_RXNE
                0x0000000008004844       0x7c ./Drivers/STM32F4xx_HAL_Driver/Src/stm32f4xx_hal_i2c.o
 .text.I2C_SlaveReceive_BTF
                0x00000000080048c0       0x44 ./Drivers/STM32F4xx_HAL_Driver/Src/stm32f4xx_hal_i2c.o
 .text.I2C_Slave_ADDR
                0x0000000008004904       0x94 ./Drivers/STM32F4xx_HAL_Driver/Src/stm32f4xx_hal_i2c.o
 .text.I2C_Slave_STOPF
                0x0000000008004998      0x260 ./Drivers/STM32F4xx_HAL_Driver/Src/stm32f4xx_hal_i2c.o
 .text.I2C_Slave_AF
                0x0000000008004bf8       0xe0 ./Drivers/STM32F4xx_HAL_Driver/Src/stm32f4xx_hal_i2c.o
 .text.I2C_ITError
                0x0000000008004cd8      0x264 ./Drivers/STM32F4xx_HAL_Driver/Src/stm32f4xx_hal_i2c.o
 .text.I2C_DMAAbort
                0x0000000008004f3c      0x150 ./Drivers/STM32F4xx_HAL_Driver/Src/stm32f4xx_hal_i2c.o
 .text.I2C_WaitOnSTOPRequestThroughIT
                0x000000000800508c       0x64 ./Drivers/STM32F4xx_HAL_Driver/Src/stm32f4xx_hal_i2c.o
 .text.I2C_ConvertOtherXferOptions
                0x00000000080050f0       0x36 ./Drivers/STM32F4xx_HAL_Driver/Src/stm32f4xx_hal_i2c.o
 *fill*         0x0000000008005126        0x2 
 .text.HAL_RCC_OscConfig
                0x0000000008005128      0x4f0 ./Drivers/STM32F4xx_HAL_Driver/Src/stm32f4xx_hal_rcc.o
                0x0000000008005128                HAL_RCC_OscConfig
 .text.HAL_RCC_ClockConfig
                0x0000000008005618      0x1cc ./Drivers/STM32F4xx_HAL_Driver/Src/stm32f4xx_hal_rcc.o
                0x0000000008005618                HAL_RCC_ClockConfig
 .text.HAL_RCC_GetSysClockFreq
                0x00000000080057e4      0x1c4 ./Drivers/STM32F4xx_HAL_Driver/Src/stm32f4xx_hal_rcc.o
                0x00000000080057e4                HAL_RCC_GetSysClockFreq
 .text.HAL_RCC_GetHCLKFreq
                0x00000000080059a8       0x18 ./Drivers/STM32F4xx_HAL_Driver/Src/stm32f4xx_hal_rcc.o
                0x00000000080059a8                HAL_RCC_GetHCLKFreq
 .text.HAL_RCC_GetPCLK1Freq
                0x00000000080059c0       0x28 ./Drivers/STM32F4xx_HAL_Driver/Src/stm32f4xx_hal_rcc.o
                0x00000000080059c0                HAL_RCC_GetPCLK1Freq
 .text.HAL_RCC_GetPCLK2Freq
                0x00000000080059e8       0x28 ./Drivers/STM32F4xx_HAL_Driver/Src/stm32f4xx_hal_rcc.o
                0x00000000080059e8                HAL_RCC_GetPCLK2Freq
 .text.HAL_SPI_Init
                0x0000000008005a10      0x112 ./Drivers/STM32F4xx_HAL_Driver/Src/stm32f4xx_hal_spi.o
                0x0000000008005a10                HAL_SPI_Init
 .text.HAL_TIM_Base_Init
                0x0000000008005b22       0x9e ./Drivers/STM32F4xx_HAL_Driver/Src/stm32f4xx_hal_tim.o
                0x0000000008005b22                HAL_TIM_Base_Init
 .text.HAL_TIM_Base_Start_IT
                0x0000000008005bc0       0xc4 ./Drivers/STM32F4xx_HAL_Driver/Src/stm32f4xx_hal_tim.o
                0x0000000008005bc0                HAL_TIM_Base_Start_IT
 .text.HAL_TIM_IRQHandler
                0x0000000008005c84      0x210 ./Drivers/STM32F4xx_HAL_Driver/Src/stm32f4xx_hal_tim.o
                0x0000000008005c84                HAL_TIM_IRQHandler
 .text.HAL_TIM_OC_DelayElapsedCallback
                0x0000000008005e94       0x14 ./Drivers/STM32F4xx_HAL_Driver/Src/stm32f4xx_hal_tim.o
                0x0000000008005e94                HAL_TIM_OC_DelayElapsedCallback
 .text.HAL_TIM_IC_CaptureCallback
                0x0000000008005ea8       0x14 ./Drivers/STM32F4xx_HAL_Driver/Src/stm32f4xx_hal_tim.o
                0x0000000008005ea8                HAL_TIM_IC_CaptureCallback
 .text.HAL_TIM_PWM_PulseFinishedCallback
                0x0000000008005ebc       0x14 ./Drivers/STM32F4xx_HAL_Driver/Src/stm32f4xx_hal_tim.o
                0x0000000008005ebc                HAL_TIM_PWM_PulseFinishedCallback
 .text.HAL_TIM_TriggerCallback
                0x0000000008005ed0       0x14 ./Drivers/STM32F4xx_HAL_Driver/Src/stm32f4xx_hal_tim.o
                0x0000000008005ed0                HAL_TIM_TriggerCallback
 .text.TIM_Base_SetConfig
                0x0000000008005ee4      0x100 ./Drivers/STM32F4xx_HAL_Driver/Src/stm32f4xx_hal_tim.o
                0x0000000008005ee4                TIM_Base_SetConfig
 .text.HAL_TIMEx_CommutCallback
                0x0000000008005fe4       0x14 ./Drivers/STM32F4xx_HAL_Driver/Src/stm32f4xx_hal_tim_ex.o
                0x0000000008005fe4                HAL_TIMEx_CommutCallback
 .text.HAL_TIMEx_BreakCallback
                0x0000000008005ff8       0x14 ./Drivers/STM32F4xx_HAL_Driver/Src/stm32f4xx_hal_tim_ex.o
                0x0000000008005ff8                HAL_TIMEx_BreakCallback
 .text.HAL_UART_Init
                0x000000000800600c       0x9a ./Drivers/STM32F4xx_HAL_Driver/Src/stm32f4xx_hal_uart.o
                0x000000000800600c                HAL_UART_Init
 .text.HAL_UART_Transmit
                0x00000000080060a6      0x124 ./Drivers/STM32F4xx_HAL_Driver/Src/stm32f4xx_hal_uart.o
                0x00000000080060a6                HAL_UART_Transmit
 .text.HAL_UART_Receive_IT
                0x00000000080061ca       0x60 ./Drivers/STM32F4xx_HAL_Driver/Src/stm32f4xx_hal_uart.o
                0x00000000080061ca                HAL_UART_Receive_IT
 *fill*         0x000000000800622a        0x2 
 .text.HAL_UART_IRQHandler
                0x000000000800622c      0x51c ./Drivers/STM32F4xx_HAL_Driver/Src/stm32f4xx_hal_uart.o
                0x000000000800622c                HAL_UART_IRQHandler
 .text.HAL_UART_TxCpltCallback
                0x0000000008006748       0x14 ./Drivers/STM32F4xx_HAL_Driver/Src/stm32f4xx_hal_uart.o
                0x0000000008006748                HAL_UART_TxCpltCallback
 .text.HAL_UART_ErrorCallback
                0x000000000800675c       0x14 ./Drivers/STM32F4xx_HAL_Driver/Src/stm32f4xx_hal_uart.o
                0x000000000800675c                HAL_UART_ErrorCallback
 .text.HAL_UARTEx_RxEventCallback
                0x0000000008006770       0x18 ./Drivers/STM32F4xx_HAL_Driver/Src/stm32f4xx_hal_uart.o
                0x0000000008006770                HAL_UARTEx_RxEventCallback
 .text.UART_WaitOnFlagUntilTimeout
                0x0000000008006788       0xdc ./Drivers/STM32F4xx_HAL_Driver/Src/stm32f4xx_hal_uart.o
 .text.UART_Start_Receive_IT
                0x0000000008006864       0x74 ./Drivers/STM32F4xx_HAL_Driver/Src/stm32f4xx_hal_uart.o
                0x0000000008006864                UART_Start_Receive_IT
 .text.UART_EndRxTransfer
                0x00000000080068d8       0xc6 ./Drivers/STM32F4xx_HAL_Driver/Src/stm32f4xx_hal_uart.o
 .text.UART_DMAAbortOnError
                0x000000000800699e       0x28 ./Drivers/STM32F4xx_HAL_Driver/Src/stm32f4xx_hal_uart.o
 .text.UART_Transmit_IT
                0x00000000080069c6       0xa0 ./Drivers/STM32F4xx_HAL_Driver/Src/stm32f4xx_hal_uart.o
 .text.UART_EndTransmit_IT
                0x0000000008006a66       0x30 ./Drivers/STM32F4xx_HAL_Driver/Src/stm32f4xx_hal_uart.o
 .text.UART_Receive_IT
                0x0000000008006a96      0x176 ./Drivers/STM32F4xx_HAL_Driver/Src/stm32f4xx_hal_uart.o
 .text.UART_SetConfig
                0x0000000008006c0c      0x390 ./Drivers/STM32F4xx_HAL_Driver/Src/stm32f4xx_hal_uart.o
 .text.__errno  0x0000000008006f9c        0xc c:/st/stm32cubeide_1.8.0/stm32cubeide/plugins/com.st.stm32cube.ide.mcu.externaltools.gnu-tools-for-stm32.9-2020-q2-update.win32_2.0.0.202105311346/tools/bin/../lib/gcc/arm-none-eabi/9.3.1/../../../../arm-none-eabi/lib/thumb/v7e-m+fp/hard\libc_nano.a(lib_a-errno.o)
                0x0000000008006f9c                __errno
 .text.__libc_init_array
                0x0000000008006fa8       0x48 c:/st/stm32cubeide_1.8.0/stm32cubeide/plugins/com.st.stm32cube.ide.mcu.externaltools.gnu-tools-for-stm32.9-2020-q2-update.win32_2.0.0.202105311346/tools/bin/../lib/gcc/arm-none-eabi/9.3.1/../../../../arm-none-eabi/lib/thumb/v7e-m+fp/hard\libc_nano.a(lib_a-init.o)
                0x0000000008006fa8                __libc_init_array
 .text.memset   0x0000000008006ff0       0x10 c:/st/stm32cubeide_1.8.0/stm32cubeide/plugins/com.st.stm32cube.ide.mcu.externaltools.gnu-tools-for-stm32.9-2020-q2-update.win32_2.0.0.202105311346/tools/bin/../lib/gcc/arm-none-eabi/9.3.1/../../../../arm-none-eabi/lib/thumb/v7e-m+fp/hard\libc_nano.a(lib_a-memset.o)
                0x0000000008006ff0                memset
 .text.sprintf  0x0000000008007000       0x40 c:/st/stm32cubeide_1.8.0/stm32cubeide/plugins/com.st.stm32cube.ide.mcu.externaltools.gnu-tools-for-stm32.9-2020-q2-update.win32_2.0.0.202105311346/tools/bin/../lib/gcc/arm-none-eabi/9.3.1/../../../../arm-none-eabi/lib/thumb/v7e-m+fp/hard\libc_nano.a(lib_a-sprintf.o)
                0x0000000008007000                siprintf
                0x0000000008007000                sprintf
 .text.__ssputs_r
                0x0000000008007040       0xb6 c:/st/stm32cubeide_1.8.0/stm32cubeide/plugins/com.st.stm32cube.ide.mcu.externaltools.gnu-tools-for-stm32.9-2020-q2-update.win32_2.0.0.202105311346/tools/bin/../lib/gcc/arm-none-eabi/9.3.1/../../../../arm-none-eabi/lib/thumb/v7e-m+fp/hard\libc_nano.a(lib_a-nano-svfprintf.o)
                0x0000000008007040                __ssputs_r
 *fill*         0x00000000080070f6        0x2 
 .text._svfprintf_r
                0x00000000080070f8      0x200 c:/st/stm32cubeide_1.8.0/stm32cubeide/plugins/com.st.stm32cube.ide.mcu.externaltools.gnu-tools-for-stm32.9-2020-q2-update.win32_2.0.0.202105311346/tools/bin/../lib/gcc/arm-none-eabi/9.3.1/../../../../arm-none-eabi/lib/thumb/v7e-m+fp/hard\libc_nano.a(lib_a-nano-svfprintf.o)
                0x00000000080070f8                _svfiprintf_r
                0x00000000080070f8                _svfprintf_r
 .text._printf_common
                0x00000000080072f8       0xda c:/st/stm32cubeide_1.8.0/stm32cubeide/plugins/com.st.stm32cube.ide.mcu.externaltools.gnu-tools-for-stm32.9-2020-q2-update.win32_2.0.0.202105311346/tools/bin/../lib/gcc/arm-none-eabi/9.3.1/../../../../arm-none-eabi/lib/thumb/v7e-m+fp/hard\libc_nano.a(lib_a-nano-vfprintf_i.o)
                0x00000000080072f8                _printf_common
 *fill*         0x00000000080073d2        0x2 
 .text._printf_i
                0x00000000080073d4      0x24c c:/st/stm32cubeide_1.8.0/stm32cubeide/plugins/com.st.stm32cube.ide.mcu.externaltools.gnu-tools-for-stm32.9-2020-q2-update.win32_2.0.0.202105311346/tools/bin/../lib/gcc/arm-none-eabi/9.3.1/../../../../arm-none-eabi/lib/thumb/v7e-m+fp/hard\libc_nano.a(lib_a-nano-vfprintf_i.o)
                0x00000000080073d4                _printf_i
 .text.memcpy   0x0000000008007620       0x1c c:/st/stm32cubeide_1.8.0/stm32cubeide/plugins/com.st.stm32cube.ide.mcu.externaltools.gnu-tools-for-stm32.9-2020-q2-update.win32_2.0.0.202105311346/tools/bin/../lib/gcc/arm-none-eabi/9.3.1/../../../../arm-none-eabi/lib/thumb/v7e-m+fp/hard\libc_nano.a(lib_a-memcpy-stub.o)
                0x0000000008007620                memcpy
 .text.memmove  0x000000000800763c       0x34 c:/st/stm32cubeide_1.8.0/stm32cubeide/plugins/com.st.stm32cube.ide.mcu.externaltools.gnu-tools-for-stm32.9-2020-q2-update.win32_2.0.0.202105311346/tools/bin/../lib/gcc/arm-none-eabi/9.3.1/../../../../arm-none-eabi/lib/thumb/v7e-m+fp/hard\libc_nano.a(lib_a-memmove.o)
                0x000000000800763c                memmove
 .text._free_r  0x0000000008007670       0xa0 c:/st/stm32cubeide_1.8.0/stm32cubeide/plugins/com.st.stm32cube.ide.mcu.externaltools.gnu-tools-for-stm32.9-2020-q2-update.win32_2.0.0.202105311346/tools/bin/../lib/gcc/arm-none-eabi/9.3.1/../../../../arm-none-eabi/lib/thumb/v7e-m+fp/hard\libc_nano.a(lib_a-nano-freer.o)
                0x0000000008007670                _free_r
 .text._malloc_r
                0x0000000008007710       0xb4 c:/st/stm32cubeide_1.8.0/stm32cubeide/plugins/com.st.stm32cube.ide.mcu.externaltools.gnu-tools-for-stm32.9-2020-q2-update.win32_2.0.0.202105311346/tools/bin/../lib/gcc/arm-none-eabi/9.3.1/../../../../arm-none-eabi/lib/thumb/v7e-m+fp/hard\libc_nano.a(lib_a-nano-mallocr.o)
                0x0000000008007710                _malloc_r
 .text._realloc_r
                0x00000000080077c4       0x4c c:/st/stm32cubeide_1.8.0/stm32cubeide/plugins/com.st.stm32cube.ide.mcu.externaltools.gnu-tools-for-stm32.9-2020-q2-update.win32_2.0.0.202105311346/tools/bin/../lib/gcc/arm-none-eabi/9.3.1/../../../../arm-none-eabi/lib/thumb/v7e-m+fp/hard\libc_nano.a(lib_a-nano-reallocr.o)
                0x00000000080077c4                _realloc_r
 .text._sbrk_r  0x0000000008007810       0x20 c:/st/stm32cubeide_1.8.0/stm32cubeide/plugins/com.st.stm32cube.ide.mcu.externaltools.gnu-tools-for-stm32.9-2020-q2-update.win32_2.0.0.202105311346/tools/bin/../lib/gcc/arm-none-eabi/9.3.1/../../../../arm-none-eabi/lib/thumb/v7e-m+fp/hard\libc_nano.a(lib_a-sbrkr.o)
                0x0000000008007810                _sbrk_r
 .text.__malloc_lock
                0x0000000008007830        0xc c:/st/stm32cubeide_1.8.0/stm32cubeide/plugins/com.st.stm32cube.ide.mcu.externaltools.gnu-tools-for-stm32.9-2020-q2-update.win32_2.0.0.202105311346/tools/bin/../lib/gcc/arm-none-eabi/9.3.1/../../../../arm-none-eabi/lib/thumb/v7e-m+fp/hard\libc_nano.a(lib_a-mlock.o)
                0x0000000008007830                __malloc_lock
 .text.__malloc_unlock
                0x000000000800783c        0xc c:/st/stm32cubeide_1.8.0/stm32cubeide/plugins/com.st.stm32cube.ide.mcu.externaltools.gnu-tools-for-stm32.9-2020-q2-update.win32_2.0.0.202105311346/tools/bin/../lib/gcc/arm-none-eabi/9.3.1/../../../../arm-none-eabi/lib/thumb/v7e-m+fp/hard\libc_nano.a(lib_a-mlock.o)
                0x000000000800783c                __malloc_unlock
 .text._malloc_usable_size_r
                0x0000000008007848       0x10 c:/st/stm32cubeide_1.8.0/stm32cubeide/plugins/com.st.stm32cube.ide.mcu.externaltools.gnu-tools-for-stm32.9-2020-q2-update.win32_2.0.0.202105311346/tools/bin/../lib/gcc/arm-none-eabi/9.3.1/../../../../arm-none-eabi/lib/thumb/v7e-m+fp/hard\libc_nano.a(lib_a-nano-msizer.o)
                0x0000000008007848                _malloc_usable_size_r
 .text.__retarget_lock_acquire_recursive
                0x0000000008007858        0x2 c:/st/stm32cubeide_1.8.0/stm32cubeide/plugins/com.st.stm32cube.ide.mcu.externaltools.gnu-tools-for-stm32.9-2020-q2-update.win32_2.0.0.202105311346/tools/bin/../lib/gcc/arm-none-eabi/9.3.1/../../../../arm-none-eabi/lib/thumb/v7e-m+fp/hard\libc_nano.a(lib_a-lock.o)
                0x0000000008007858                __retarget_lock_acquire_recursive
 .text.__retarget_lock_release_recursive
                0x000000000800785a        0x2 c:/st/stm32cubeide_1.8.0/stm32cubeide/plugins/com.st.stm32cube.ide.mcu.externaltools.gnu-tools-for-stm32.9-2020-q2-update.win32_2.0.0.202105311346/tools/bin/../lib/gcc/arm-none-eabi/9.3.1/../../../../arm-none-eabi/lib/thumb/v7e-m+fp/hard\libc_nano.a(lib_a-lock.o)
                0x000000000800785a                __retarget_lock_release_recursive
 *(.glue_7)
 .glue_7        0x000000000800785c        0x0 linker stubs
 *(.glue_7t)
 .glue_7t       0x000000000800785c        0x0 linker stubs
 *(.eh_frame)
 .eh_frame      0x000000000800785c        0x0 c:/st/stm32cubeide_1.8.0/stm32cubeide/plugins/com.st.stm32cube.ide.mcu.externaltools.gnu-tools-for-stm32.9-2020-q2-update.win32_2.0.0.202105311346/tools/bin/../lib/gcc/arm-none-eabi/9.3.1/thumb/v7e-m+fp/hard/crtbegin.o
 *(.init)
 .init          0x000000000800785c        0x4 c:/st/stm32cubeide_1.8.0/stm32cubeide/plugins/com.st.stm32cube.ide.mcu.externaltools.gnu-tools-for-stm32.9-2020-q2-update.win32_2.0.0.202105311346/tools/bin/../lib/gcc/arm-none-eabi/9.3.1/thumb/v7e-m+fp/hard/crti.o
                0x000000000800785c                _init
 .init          0x0000000008007860        0x8 c:/st/stm32cubeide_1.8.0/stm32cubeide/plugins/com.st.stm32cube.ide.mcu.externaltools.gnu-tools-for-stm32.9-2020-q2-update.win32_2.0.0.202105311346/tools/bin/../lib/gcc/arm-none-eabi/9.3.1/thumb/v7e-m+fp/hard/crtn.o
 *(.fini)
 .fini          0x0000000008007868        0x4 c:/st/stm32cubeide_1.8.0/stm32cubeide/plugins/com.st.stm32cube.ide.mcu.externaltools.gnu-tools-for-stm32.9-2020-q2-update.win32_2.0.0.202105311346/tools/bin/../lib/gcc/arm-none-eabi/9.3.1/thumb/v7e-m+fp/hard/crti.o
                0x0000000008007868                _fini
 .fini          0x000000000800786c        0x8 c:/st/stm32cubeide_1.8.0/stm32cubeide/plugins/com.st.stm32cube.ide.mcu.externaltools.gnu-tools-for-stm32.9-2020-q2-update.win32_2.0.0.202105311346/tools/bin/../lib/gcc/arm-none-eabi/9.3.1/thumb/v7e-m+fp/hard/crtn.o
                0x0000000008007874                . = ALIGN (0x4)
                0x0000000008007874                _etext = .

.vfp11_veneer   0x0000000008007874        0x0
 .vfp11_veneer  0x0000000008007874        0x0 linker stubs

.v4_bx          0x0000000008007874        0x0
 .v4_bx         0x0000000008007874        0x0 linker stubs

.iplt           0x0000000008007874        0x0
 .iplt          0x0000000008007874        0x0 c:/st/stm32cubeide_1.8.0/stm32cubeide/plugins/com.st.stm32cube.ide.mcu.externaltools.gnu-tools-for-stm32.9-2020-q2-update.win32_2.0.0.202105311346/tools/bin/../lib/gcc/arm-none-eabi/9.3.1/thumb/v7e-m+fp/hard/crtbegin.o

.rodata         0x0000000008007874       0x90
                0x0000000008007874                . = ALIGN (0x4)
 *(.rodata)
 .rodata        0x0000000008007874       0x39 ./Core/Src/main.o
 *(.rodata*)
 *fill*         0x00000000080078ad        0x3 
 .rodata.AHBPrescTable
                0x00000000080078b0       0x10 ./Core/Src/system_stm32f4xx.o
                0x00000000080078b0                AHBPrescTable
 .rodata.APBPrescTable
                0x00000000080078c0        0x8 ./Core/Src/system_stm32f4xx.o
                0x00000000080078c0                APBPrescTable
 .rodata.flagBitshiftOffset.8977
                0x00000000080078c8        0x8 ./Drivers/STM32F4xx_HAL_Driver/Src/stm32f4xx_hal_dma.o
 .rodata._svfprintf_r.str1.1
                0x00000000080078d0       0x11 c:/st/stm32cubeide_1.8.0/stm32cubeide/plugins/com.st.stm32cube.ide.mcu.externaltools.gnu-tools-for-stm32.9-2020-q2-update.win32_2.0.0.202105311346/tools/bin/../lib/gcc/arm-none-eabi/9.3.1/../../../../arm-none-eabi/lib/thumb/v7e-m+fp/hard\libc_nano.a(lib_a-nano-svfprintf.o)
 .rodata._printf_i.str1.1
                0x00000000080078e1       0x22 c:/st/stm32cubeide_1.8.0/stm32cubeide/plugins/com.st.stm32cube.ide.mcu.externaltools.gnu-tools-for-stm32.9-2020-q2-update.win32_2.0.0.202105311346/tools/bin/../lib/gcc/arm-none-eabi/9.3.1/../../../../arm-none-eabi/lib/thumb/v7e-m+fp/hard\libc_nano.a(lib_a-nano-vfprintf_i.o)
                0x0000000008007904                . = ALIGN (0x4)
 *fill*         0x0000000008007903        0x1 

.ARM.extab      0x0000000008007904        0x0
                0x0000000008007904                . = ALIGN (0x4)
 *(.ARM.extab* .gnu.linkonce.armextab.*)
                0x0000000008007904                . = ALIGN (0x4)

.ARM            0x0000000008007904        0x8
                0x0000000008007904                . = ALIGN (0x4)
                0x0000000008007904                __exidx_start = .
 *(.ARM.exidx*)
 .ARM.exidx     0x0000000008007904        0x8 c:/st/stm32cubeide_1.8.0/stm32cubeide/plugins/com.st.stm32cube.ide.mcu.externaltools.gnu-tools-for-stm32.9-2020-q2-update.win32_2.0.0.202105311346/tools/bin/../lib/gcc/arm-none-eabi/9.3.1/thumb/v7e-m+fp/hard\libgcc.a(_udivmoddi4.o)
                0x000000000800790c                __exidx_end = .
                0x000000000800790c                . = ALIGN (0x4)

.rel.dyn        0x000000000800790c        0x0
 .rel.iplt      0x000000000800790c        0x0 c:/st/stm32cubeide_1.8.0/stm32cubeide/plugins/com.st.stm32cube.ide.mcu.externaltools.gnu-tools-for-stm32.9-2020-q2-update.win32_2.0.0.202105311346/tools/bin/../lib/gcc/arm-none-eabi/9.3.1/thumb/v7e-m+fp/hard/crtbegin.o

.preinit_array  0x000000000800790c        0x0
                0x000000000800790c                . = ALIGN (0x4)
                0x000000000800790c                PROVIDE (__preinit_array_start = .)
 *(.preinit_array*)
                0x000000000800790c                PROVIDE (__preinit_array_end = .)
                0x000000000800790c                . = ALIGN (0x4)

.init_array     0x000000000800790c        0x4
                0x000000000800790c                . = ALIGN (0x4)
                0x000000000800790c                PROVIDE (__init_array_start = .)
 *(SORT_BY_NAME(.init_array.*))
 *(.init_array*)
 .init_array    0x000000000800790c        0x4 c:/st/stm32cubeide_1.8.0/stm32cubeide/plugins/com.st.stm32cube.ide.mcu.externaltools.gnu-tools-for-stm32.9-2020-q2-update.win32_2.0.0.202105311346/tools/bin/../lib/gcc/arm-none-eabi/9.3.1/thumb/v7e-m+fp/hard/crtbegin.o
                0x0000000008007910                PROVIDE (__init_array_end = .)
                0x0000000008007910                . = ALIGN (0x4)

.fini_array     0x0000000008007910        0x4
                0x0000000008007910                . = ALIGN (0x4)
                [!provide]                        PROVIDE (__fini_array_start = .)
 *(SORT_BY_NAME(.fini_array.*))
 *(.fini_array*)
 .fini_array    0x0000000008007910        0x4 c:/st/stm32cubeide_1.8.0/stm32cubeide/plugins/com.st.stm32cube.ide.mcu.externaltools.gnu-tools-for-stm32.9-2020-q2-update.win32_2.0.0.202105311346/tools/bin/../lib/gcc/arm-none-eabi/9.3.1/thumb/v7e-m+fp/hard/crtbegin.o
                [!provide]                        PROVIDE (__fini_array_end = .)
                0x0000000008007914                . = ALIGN (0x4)
                0x0000000008007914                _sidata = LOADADDR (.data)

.data           0x0000000020000000      0x164 load address 0x0000000008007914
                0x0000000020000000                . = ALIGN (0x4)
                0x0000000020000000                _sdata = .
 *(.data)
 *(.data*)
 .data.time_wait
                0x0000000020000000        0x1 ./Core/Src/main.o
                0x0000000020000000                time_wait
 .data.time_work
                0x0000000020000001        0x1 ./Core/Src/main.o
                0x0000000020000001                time_work
 .data.station_goal
                0x0000000020000002        0x1 ./Core/Src/main.o
                0x0000000020000002                station_goal
 *fill*         0x0000000020000003        0x1 
 .data.H0       0x0000000020000004       0x57 ./Core/Src/main.o
                0x0000000020000004                H0
 *fill*         0x000000002000005b        0x1 
 .data.H1       0x000000002000005c       0x12 ./Core/Src/main.o
                0x000000002000005c                H1
 *fill*         0x000000002000006e        0x2 
 .data.H2       0x0000000020000070       0x27 ./Core/Src/main.o
                0x0000000020000070                H2
 *fill*         0x0000000020000097        0x1 
 .data.H3       0x0000000020000098       0x2c ./Core/Src/main.o
                0x0000000020000098                H3
 .data.H4       0x00000000200000c4       0x2d ./Core/Src/main.o
                0x00000000200000c4                H4
 *fill*         0x00000000200000f1        0x3 
 .data.SystemCoreClock
                0x00000000200000f4        0x4 ./Core/Src/system_stm32f4xx.o
                0x00000000200000f4                SystemCoreClock
 .data.uwTickPrio
                0x00000000200000f8        0x4 ./Drivers/STM32F4xx_HAL_Driver/Src/stm32f4xx_hal.o
                0x00000000200000f8                uwTickPrio
 .data.uwTickFreq
                0x00000000200000fc        0x1 ./Drivers/STM32F4xx_HAL_Driver/Src/stm32f4xx_hal.o
                0x00000000200000fc                uwTickFreq
 *fill*         0x00000000200000fd        0x3 
 .data._impure_ptr
                0x0000000020000100        0x4 c:/st/stm32cubeide_1.8.0/stm32cubeide/plugins/com.st.stm32cube.ide.mcu.externaltools.gnu-tools-for-stm32.9-2020-q2-update.win32_2.0.0.202105311346/tools/bin/../lib/gcc/arm-none-eabi/9.3.1/../../../../arm-none-eabi/lib/thumb/v7e-m+fp/hard\libc_nano.a(lib_a-impure.o)
                0x0000000020000100                _impure_ptr
 .data.impure_data
                0x0000000020000104       0x60 c:/st/stm32cubeide_1.8.0/stm32cubeide/plugins/com.st.stm32cube.ide.mcu.externaltools.gnu-tools-for-stm32.9-2020-q2-update.win32_2.0.0.202105311346/tools/bin/../lib/gcc/arm-none-eabi/9.3.1/../../../../arm-none-eabi/lib/thumb/v7e-m+fp/hard\libc_nano.a(lib_a-impure.o)
 *(.RamFunc)
 *(.RamFunc*)
                0x0000000020000164                . = ALIGN (0x4)
                0x0000000020000164                _edata = .

.igot.plt       0x0000000020000164        0x0 load address 0x0000000008007a78
 .igot.plt      0x0000000020000164        0x0 c:/st/stm32cubeide_1.8.0/stm32cubeide/plugins/com.st.stm32cube.ide.mcu.externaltools.gnu-tools-for-stm32.9-2020-q2-update.win32_2.0.0.202105311346/tools/bin/../lib/gcc/arm-none-eabi/9.3.1/thumb/v7e-m+fp/hard/crtbegin.o
                0x0000000020000164                . = ALIGN (0x4)

.bss            0x0000000020000168      0x338 load address 0x0000000008007a78
                0x0000000020000168                _sbss = .
                0x0000000020000168                __bss_start__ = _sbss
 *(.bss)
 .bss           0x0000000020000168       0x1c c:/st/stm32cubeide_1.8.0/stm32cubeide/plugins/com.st.stm32cube.ide.mcu.externaltools.gnu-tools-for-stm32.9-2020-q2-update.win32_2.0.0.202105311346/tools/bin/../lib/gcc/arm-none-eabi/9.3.1/thumb/v7e-m+fp/hard/crtbegin.o
 *(.bss*)
 .bss.Temp      0x0000000020000184        0x1 ./Core/Src/main.o
                0x0000000020000184                Temp
 *fill*         0x0000000020000185        0x3 
 .bss.TempOld   0x0000000020000188       0xc8 ./Core/Src/main.o
                0x0000000020000188                TempOld
 .bss.TempNow   0x0000000020000250        0x1 ./Core/Src/main.o
                0x0000000020000250                TempNow
 *fill*         0x0000000020000251        0x3 
 .bss.TxDataBuffer
                0x0000000020000254       0x20 ./Core/Src/main.o
                0x0000000020000254                TxDataBuffer
 .bss.RxDataBuffer
                0x0000000020000274        0x3 ./Core/Src/main.o
                0x0000000020000274                RxDataBuffer
 .bss.eepromWriteFlag
                0x0000000020000277        0x1 ./Core/Src/main.o
                0x0000000020000277                eepromWriteFlag
 .bss.eepromReadFlag
                0x0000000020000278        0x1 ./Core/Src/main.o
                0x0000000020000278                eepromReadFlag
 *fill*         0x0000000020000279        0x7 
 .bss._micro    0x0000000020000280        0x8 ./Core/Src/main.o
                0x0000000020000280                _micro
 .bss.n_state.10184
                0x0000000020000288        0x1 ./Core/Src/main.o
 *fill*         0x0000000020000289        0x3 
 .bss.data.10208
                0x000000002000028c        0x3 ./Core/Src/main.o
 *fill*         0x000000002000028f        0x1 
 .bss.timestamp.10219
                0x0000000020000290        0x8 ./Core/Src/main.o
 .bss.num.10218
                0x0000000020000298        0x1 ./Core/Src/main.o
 *fill*         0x0000000020000299        0x3 
 .bss.__sbrk_heap_end
                0x000000002000029c        0x4 ./Core/Src/sysmem.o
 .bss.__malloc_free_list
                0x00000000200002a0        0x4 c:/st/stm32cubeide_1.8.0/stm32cubeide/plugins/com.st.stm32cube.ide.mcu.externaltools.gnu-tools-for-stm32.9-2020-q2-update.win32_2.0.0.202105311346/tools/bin/../lib/gcc/arm-none-eabi/9.3.1/../../../../arm-none-eabi/lib/thumb/v7e-m+fp/hard\libc_nano.a(lib_a-nano-mallocr.o)
                0x00000000200002a0                __malloc_free_list
 .bss.__malloc_sbrk_start
                0x00000000200002a4        0x4 c:/st/stm32cubeide_1.8.0/stm32cubeide/plugins/com.st.stm32cube.ide.mcu.externaltools.gnu-tools-for-stm32.9-2020-q2-update.win32_2.0.0.202105311346/tools/bin/../lib/gcc/arm-none-eabi/9.3.1/../../../../arm-none-eabi/lib/thumb/v7e-m+fp/hard\libc_nano.a(lib_a-nano-mallocr.o)
                0x00000000200002a4                __malloc_sbrk_start
 *(COMMON)
 COMMON         0x00000000200002a8      0x1e4 ./Core/Src/main.o
                0x00000000200002a8                hi2c1
                0x00000000200002fc                hspi3
                0x0000000020000354                eepromDataReadBack
                0x0000000020000358                hadc1
                0x00000000200003a0                htim11
                0x00000000200003e8                hdma_adc1
                0x0000000020000448                huart2
 COMMON         0x000000002000048c        0x4 ./Drivers/STM32F4xx_HAL_Driver/Src/stm32f4xx_hal.o
                0x000000002000048c                uwTick
 COMMON         0x0000000020000490        0x4 c:/st/stm32cubeide_1.8.0/stm32cubeide/plugins/com.st.stm32cube.ide.mcu.externaltools.gnu-tools-for-stm32.9-2020-q2-update.win32_2.0.0.202105311346/tools/bin/../lib/gcc/arm-none-eabi/9.3.1/../../../../arm-none-eabi/lib/thumb/v7e-m+fp/hard\libc_nano.a(lib_a-reent.o)
                0x0000000020000490                errno
 COMMON         0x0000000020000494        0x9 c:/st/stm32cubeide_1.8.0/stm32cubeide/plugins/com.st.stm32cube.ide.mcu.externaltools.gnu-tools-for-stm32.9-2020-q2-update.win32_2.0.0.202105311346/tools/bin/../lib/gcc/arm-none-eabi/9.3.1/../../../../arm-none-eabi/lib/thumb/v7e-m+fp/hard\libc_nano.a(lib_a-lock.o)
                0x0000000020000494                __lock___atexit_recursive_mutex
                0x0000000020000495                __lock___arc4random_mutex
                0x0000000020000496                __lock___env_recursive_mutex
                0x0000000020000497                __lock___sinit_recursive_mutex
                0x0000000020000498                __lock___malloc_recursive_mutex
                0x0000000020000499                __lock___at_quick_exit_mutex
                0x000000002000049a                __lock___dd_hash_mutex
                0x000000002000049b                __lock___tz_mutex
                0x000000002000049c                __lock___sfp_recursive_mutex
                0x00000000200004a0                . = ALIGN (0x4)
 *fill*         0x000000002000049d        0x3 
                0x00000000200004a0                _ebss = .
                0x00000000200004a0                __bss_end__ = _ebss

._user_heap_stack
                0x00000000200004a0      0x600 load address 0x0000000008007a78
                0x00000000200004a0                . = ALIGN (0x8)
                [!provide]                        PROVIDE (end = .)
                0x00000000200004a0                PROVIDE (_end = .)
                0x00000000200006a0                . = (. + _Min_Heap_Size)
 *fill*         0x00000000200004a0      0x200 
                0x0000000020000aa0                . = (. + _Min_Stack_Size)
 *fill*         0x00000000200006a0      0x400 
                0x0000000020000aa0                . = ALIGN (0x8)

/DISCARD/
 libc.a(*)
 libm.a(*)
 libgcc.a(*)

.ARM.attributes
                0x0000000000000000       0x30
 *(.ARM.attributes)
 .ARM.attributes
                0x0000000000000000       0x1e c:/st/stm32cubeide_1.8.0/stm32cubeide/plugins/com.st.stm32cube.ide.mcu.externaltools.gnu-tools-for-stm32.9-2020-q2-update.win32_2.0.0.202105311346/tools/bin/../lib/gcc/arm-none-eabi/9.3.1/thumb/v7e-m+fp/hard/crti.o
 .ARM.attributes
                0x000000000000001e       0x34 c:/st/stm32cubeide_1.8.0/stm32cubeide/plugins/com.st.stm32cube.ide.mcu.externaltools.gnu-tools-for-stm32.9-2020-q2-update.win32_2.0.0.202105311346/tools/bin/../lib/gcc/arm-none-eabi/9.3.1/thumb/v7e-m+fp/hard/crtbegin.o
 .ARM.attributes
                0x0000000000000052       0x34 ./Core/Src/main.o
 .ARM.attributes
                0x0000000000000086       0x34 ./Core/Src/stm32f4xx_hal_msp.o
 .ARM.attributes
                0x00000000000000ba       0x34 ./Core/Src/stm32f4xx_it.o
 .ARM.attributes
                0x00000000000000ee       0x34 ./Core/Src/sysmem.o
 .ARM.attributes
                0x0000000000000122       0x34 ./Core/Src/system_stm32f4xx.o
 .ARM.attributes
                0x0000000000000156       0x21 ./Core/Startup/startup_stm32f411retx.o
 .ARM.attributes
                0x0000000000000177       0x34 ./Drivers/STM32F4xx_HAL_Driver/Src/stm32f4xx_hal.o
 .ARM.attributes
                0x00000000000001ab       0x34 ./Drivers/STM32F4xx_HAL_Driver/Src/stm32f4xx_hal_adc.o
 .ARM.attributes
                0x00000000000001df       0x34 ./Drivers/STM32F4xx_HAL_Driver/Src/stm32f4xx_hal_cortex.o
 .ARM.attributes
                0x0000000000000213       0x34 ./Drivers/STM32F4xx_HAL_Driver/Src/stm32f4xx_hal_dma.o
 .ARM.attributes
                0x0000000000000247       0x34 ./Drivers/STM32F4xx_HAL_Driver/Src/stm32f4xx_hal_gpio.o
 .ARM.attributes
                0x000000000000027b       0x34 ./Drivers/STM32F4xx_HAL_Driver/Src/stm32f4xx_hal_i2c.o
 .ARM.attributes
                0x00000000000002af       0x34 ./Drivers/STM32F4xx_HAL_Driver/Src/stm32f4xx_hal_rcc.o
 .ARM.attributes
                0x00000000000002e3       0x34 ./Drivers/STM32F4xx_HAL_Driver/Src/stm32f4xx_hal_spi.o
 .ARM.attributes
                0x0000000000000317       0x34 ./Drivers/STM32F4xx_HAL_Driver/Src/stm32f4xx_hal_tim.o
 .ARM.attributes
                0x000000000000034b       0x34 ./Drivers/STM32F4xx_HAL_Driver/Src/stm32f4xx_hal_tim_ex.o
 .ARM.attributes
                0x000000000000037f       0x34 ./Drivers/STM32F4xx_HAL_Driver/Src/stm32f4xx_hal_uart.o
 .ARM.attributes
                0x00000000000003b3       0x34 c:/st/stm32cubeide_1.8.0/stm32cubeide/plugins/com.st.stm32cube.ide.mcu.externaltools.gnu-tools-for-stm32.9-2020-q2-update.win32_2.0.0.202105311346/tools/bin/../lib/gcc/arm-none-eabi/9.3.1/../../../../arm-none-eabi/lib/thumb/v7e-m+fp/hard\libc_nano.a(lib_a-errno.o)
 .ARM.attributes
                0x00000000000003e7       0x32 c:/st/stm32cubeide_1.8.0/stm32cubeide/plugins/com.st.stm32cube.ide.mcu.externaltools.gnu-tools-for-stm32.9-2020-q2-update.win32_2.0.0.202105311346/tools/bin/../lib/gcc/arm-none-eabi/9.3.1/../../../../arm-none-eabi/lib/thumb/v7e-m+fp/hard\libc_nano.a(lib_a-impure.o)
 .ARM.attributes
                0x0000000000000419       0x34 c:/st/stm32cubeide_1.8.0/stm32cubeide/plugins/com.st.stm32cube.ide.mcu.externaltools.gnu-tools-for-stm32.9-2020-q2-update.win32_2.0.0.202105311346/tools/bin/../lib/gcc/arm-none-eabi/9.3.1/../../../../arm-none-eabi/lib/thumb/v7e-m+fp/hard\libc_nano.a(lib_a-init.o)
 .ARM.attributes
                0x000000000000044d       0x34 c:/st/stm32cubeide_1.8.0/stm32cubeide/plugins/com.st.stm32cube.ide.mcu.externaltools.gnu-tools-for-stm32.9-2020-q2-update.win32_2.0.0.202105311346/tools/bin/../lib/gcc/arm-none-eabi/9.3.1/../../../../arm-none-eabi/lib/thumb/v7e-m+fp/hard\libc_nano.a(lib_a-memset.o)
 .ARM.attributes
                0x0000000000000481       0x34 c:/st/stm32cubeide_1.8.0/stm32cubeide/plugins/com.st.stm32cube.ide.mcu.externaltools.gnu-tools-for-stm32.9-2020-q2-update.win32_2.0.0.202105311346/tools/bin/../lib/gcc/arm-none-eabi/9.3.1/../../../../arm-none-eabi/lib/thumb/v7e-m+fp/hard\libc_nano.a(lib_a-sprintf.o)
 .ARM.attributes
                0x00000000000004b5       0x17 c:/st/stm32cubeide_1.8.0/stm32cubeide/plugins/com.st.stm32cube.ide.mcu.externaltools.gnu-tools-for-stm32.9-2020-q2-update.win32_2.0.0.202105311346/tools/bin/../lib/gcc/arm-none-eabi/9.3.1/../../../../arm-none-eabi/lib/thumb/v7e-m+fp/hard\libc_nano.a(lib_a-strlen.o)
 .ARM.attributes
                0x00000000000004cc       0x34 c:/st/stm32cubeide_1.8.0/stm32cubeide/plugins/com.st.stm32cube.ide.mcu.externaltools.gnu-tools-for-stm32.9-2020-q2-update.win32_2.0.0.202105311346/tools/bin/../lib/gcc/arm-none-eabi/9.3.1/../../../../arm-none-eabi/lib/thumb/v7e-m+fp/hard\libc_nano.a(lib_a-nano-svfprintf.o)
 .ARM.attributes
                0x0000000000000500       0x34 c:/st/stm32cubeide_1.8.0/stm32cubeide/plugins/com.st.stm32cube.ide.mcu.externaltools.gnu-tools-for-stm32.9-2020-q2-update.win32_2.0.0.202105311346/tools/bin/../lib/gcc/arm-none-eabi/9.3.1/../../../../arm-none-eabi/lib/thumb/v7e-m+fp/hard\libc_nano.a(lib_a-nano-vfprintf_i.o)
 .ARM.attributes
                0x0000000000000534       0x1c c:/st/stm32cubeide_1.8.0/stm32cubeide/plugins/com.st.stm32cube.ide.mcu.externaltools.gnu-tools-for-stm32.9-2020-q2-update.win32_2.0.0.202105311346/tools/bin/../lib/gcc/arm-none-eabi/9.3.1/../../../../arm-none-eabi/lib/thumb/v7e-m+fp/hard\libc_nano.a(lib_a-memchr.o)
 .ARM.attributes
                0x0000000000000550       0x34 c:/st/stm32cubeide_1.8.0/stm32cubeide/plugins/com.st.stm32cube.ide.mcu.externaltools.gnu-tools-for-stm32.9-2020-q2-update.win32_2.0.0.202105311346/tools/bin/../lib/gcc/arm-none-eabi/9.3.1/../../../../arm-none-eabi/lib/thumb/v7e-m+fp/hard\libc_nano.a(lib_a-memcpy-stub.o)
 .ARM.attributes
                0x0000000000000584       0x34 c:/st/stm32cubeide_1.8.0/stm32cubeide/plugins/com.st.stm32cube.ide.mcu.externaltools.gnu-tools-for-stm32.9-2020-q2-update.win32_2.0.0.202105311346/tools/bin/../lib/gcc/arm-none-eabi/9.3.1/../../../../arm-none-eabi/lib/thumb/v7e-m+fp/hard\libc_nano.a(lib_a-memmove.o)
 .ARM.attributes
                0x00000000000005b8       0x34 c:/st/stm32cubeide_1.8.0/stm32cubeide/plugins/com.st.stm32cube.ide.mcu.externaltools.gnu-tools-for-stm32.9-2020-q2-update.win32_2.0.0.202105311346/tools/bin/../lib/gcc/arm-none-eabi/9.3.1/../../../../arm-none-eabi/lib/thumb/v7e-m+fp/hard\libc_nano.a(lib_a-nano-freer.o)
 .ARM.attributes
                0x00000000000005ec       0x34 c:/st/stm32cubeide_1.8.0/stm32cubeide/plugins/com.st.stm32cube.ide.mcu.externaltools.gnu-tools-for-stm32.9-2020-q2-update.win32_2.0.0.202105311346/tools/bin/../lib/gcc/arm-none-eabi/9.3.1/../../../../arm-none-eabi/lib/thumb/v7e-m+fp/hard\libc_nano.a(lib_a-nano-mallocr.o)
 .ARM.attributes
                0x0000000000000620       0x34 c:/st/stm32cubeide_1.8.0/stm32cubeide/plugins/com.st.stm32cube.ide.mcu.externaltools.gnu-tools-for-stm32.9-2020-q2-update.win32_2.0.0.202105311346/tools/bin/../lib/gcc/arm-none-eabi/9.3.1/../../../../arm-none-eabi/lib/thumb/v7e-m+fp/hard\libc_nano.a(lib_a-nano-reallocr.o)
 .ARM.attributes
                0x0000000000000654       0x34 c:/st/stm32cubeide_1.8.0/stm32cubeide/plugins/com.st.stm32cube.ide.mcu.externaltools.gnu-tools-for-stm32.9-2020-q2-update.win32_2.0.0.202105311346/tools/bin/../lib/gcc/arm-none-eabi/9.3.1/../../../../arm-none-eabi/lib/thumb/v7e-m+fp/hard\libc_nano.a(lib_a-sbrkr.o)
 .ARM.attributes
                0x0000000000000688       0x34 c:/st/stm32cubeide_1.8.0/stm32cubeide/plugins/com.st.stm32cube.ide.mcu.externaltools.gnu-tools-for-stm32.9-2020-q2-update.win32_2.0.0.202105311346/tools/bin/../lib/gcc/arm-none-eabi/9.3.1/../../../../arm-none-eabi/lib/thumb/v7e-m+fp/hard\libc_nano.a(lib_a-mlock.o)
 .ARM.attributes
                0x00000000000006bc       0x34 c:/st/stm32cubeide_1.8.0/stm32cubeide/plugins/com.st.stm32cube.ide.mcu.externaltools.gnu-tools-for-stm32.9-2020-q2-update.win32_2.0.0.202105311346/tools/bin/../lib/gcc/arm-none-eabi/9.3.1/../../../../arm-none-eabi/lib/thumb/v7e-m+fp/hard\libc_nano.a(lib_a-nano-msizer.o)
 .ARM.attributes
                0x00000000000006f0       0x34 c:/st/stm32cubeide_1.8.0/stm32cubeide/plugins/com.st.stm32cube.ide.mcu.externaltools.gnu-tools-for-stm32.9-2020-q2-update.win32_2.0.0.202105311346/tools/bin/../lib/gcc/arm-none-eabi/9.3.1/../../../../arm-none-eabi/lib/thumb/v7e-m+fp/hard\libc_nano.a(lib_a-reent.o)
 .ARM.attributes
                0x0000000000000724       0x34 c:/st/stm32cubeide_1.8.0/stm32cubeide/plugins/com.st.stm32cube.ide.mcu.externaltools.gnu-tools-for-stm32.9-2020-q2-update.win32_2.0.0.202105311346/tools/bin/../lib/gcc/arm-none-eabi/9.3.1/../../../../arm-none-eabi/lib/thumb/v7e-m+fp/hard\libc_nano.a(lib_a-lock.o)
 .ARM.attributes
                0x0000000000000758       0x1e c:/st/stm32cubeide_1.8.0/stm32cubeide/plugins/com.st.stm32cube.ide.mcu.externaltools.gnu-tools-for-stm32.9-2020-q2-update.win32_2.0.0.202105311346/tools/bin/../lib/gcc/arm-none-eabi/9.3.1/thumb/v7e-m+fp/hard\libgcc.a(_arm_addsubdf3.o)
 .ARM.attributes
                0x0000000000000776       0x1e c:/st/stm32cubeide_1.8.0/stm32cubeide/plugins/com.st.stm32cube.ide.mcu.externaltools.gnu-tools-for-stm32.9-2020-q2-update.win32_2.0.0.202105311346/tools/bin/../lib/gcc/arm-none-eabi/9.3.1/thumb/v7e-m+fp/hard\libgcc.a(_arm_muldivdf3.o)
 .ARM.attributes
                0x0000000000000794       0x1e c:/st/stm32cubeide_1.8.0/stm32cubeide/plugins/com.st.stm32cube.ide.mcu.externaltools.gnu-tools-for-stm32.9-2020-q2-update.win32_2.0.0.202105311346/tools/bin/../lib/gcc/arm-none-eabi/9.3.1/thumb/v7e-m+fp/hard\libgcc.a(_arm_fixunsdfsi.o)
 .ARM.attributes
                0x00000000000007b2       0x1e c:/st/stm32cubeide_1.8.0/stm32cubeide/plugins/com.st.stm32cube.ide.mcu.externaltools.gnu-tools-for-stm32.9-2020-q2-update.win32_2.0.0.202105311346/tools/bin/../lib/gcc/arm-none-eabi/9.3.1/thumb/v7e-m+fp/hard\libgcc.a(_aeabi_uldivmod.o)
 .ARM.attributes
                0x00000000000007d0       0x34 c:/st/stm32cubeide_1.8.0/stm32cubeide/plugins/com.st.stm32cube.ide.mcu.externaltools.gnu-tools-for-stm32.9-2020-q2-update.win32_2.0.0.202105311346/tools/bin/../lib/gcc/arm-none-eabi/9.3.1/thumb/v7e-m+fp/hard\libgcc.a(_udivmoddi4.o)
 .ARM.attributes
                0x0000000000000804       0x1e c:/st/stm32cubeide_1.8.0/stm32cubeide/plugins/com.st.stm32cube.ide.mcu.externaltools.gnu-tools-for-stm32.9-2020-q2-update.win32_2.0.0.202105311346/tools/bin/../lib/gcc/arm-none-eabi/9.3.1/thumb/v7e-m+fp/hard\libgcc.a(_dvmd_tls.o)
 .ARM.attributes
                0x0000000000000822       0x1e c:/st/stm32cubeide_1.8.0/stm32cubeide/plugins/com.st.stm32cube.ide.mcu.externaltools.gnu-tools-for-stm32.9-2020-q2-update.win32_2.0.0.202105311346/tools/bin/../lib/gcc/arm-none-eabi/9.3.1/thumb/v7e-m+fp/hard/crtn.o
OUTPUT(FRA222_com3_6333.elf elf32-littlearm)
LOAD linker stubs
LOAD c:/st/stm32cubeide_1.8.0/stm32cubeide/plugins/com.st.stm32cube.ide.mcu.externaltools.gnu-tools-for-stm32.9-2020-q2-update.win32_2.0.0.202105311346/tools/bin/../lib/gcc/arm-none-eabi/9.3.1/../../../../arm-none-eabi/lib/thumb/v7e-m+fp/hard\libc.a
LOAD c:/st/stm32cubeide_1.8.0/stm32cubeide/plugins/com.st.stm32cube.ide.mcu.externaltools.gnu-tools-for-stm32.9-2020-q2-update.win32_2.0.0.202105311346/tools/bin/../lib/gcc/arm-none-eabi/9.3.1/../../../../arm-none-eabi/lib/thumb/v7e-m+fp/hard\libm.a
LOAD c:/st/stm32cubeide_1.8.0/stm32cubeide/plugins/com.st.stm32cube.ide.mcu.externaltools.gnu-tools-for-stm32.9-2020-q2-update.win32_2.0.0.202105311346/tools/bin/../lib/gcc/arm-none-eabi/9.3.1/thumb/v7e-m+fp/hard\libgcc.a

.debug_info     0x0000000000000000    0x14f97
 .debug_info    0x0000000000000000     0x265e ./Core/Src/main.o
 .debug_info    0x000000000000265e     0x18db ./Core/Src/stm32f4xx_hal_msp.o
 .debug_info    0x0000000000003f39      0xd6a ./Core/Src/stm32f4xx_it.o
 .debug_info    0x0000000000004ca3      0xa25 ./Core/Src/sysmem.o
 .debug_info    0x00000000000056c8      0x5d0 ./Core/Src/system_stm32f4xx.o
 .debug_info    0x0000000000005c98       0x22 ./Core/Startup/startup_stm32f411retx.o
 .debug_info    0x0000000000005cba      0x944 ./Drivers/STM32F4xx_HAL_Driver/Src/stm32f4xx_hal.o
 .debug_info    0x00000000000065fe      0xdb4 ./Drivers/STM32F4xx_HAL_Driver/Src/stm32f4xx_hal_adc.o
 .debug_info    0x00000000000073b2      0xe47 ./Drivers/STM32F4xx_HAL_Driver/Src/stm32f4xx_hal_cortex.o
 .debug_info    0x00000000000081f9      0x9e9 ./Drivers/STM32F4xx_HAL_Driver/Src/stm32f4xx_hal_dma.o
 .debug_info    0x0000000000008be2      0x862 ./Drivers/STM32F4xx_HAL_Driver/Src/stm32f4xx_hal_gpio.o
 .debug_info    0x0000000000009444     0x2653 ./Drivers/STM32F4xx_HAL_Driver/Src/stm32f4xx_hal_i2c.o
 .debug_info    0x000000000000ba97      0x9be ./Drivers/STM32F4xx_HAL_Driver/Src/stm32f4xx_hal_rcc.o
 .debug_info    0x000000000000c455     0x17b8 ./Drivers/STM32F4xx_HAL_Driver/Src/stm32f4xx_hal_spi.o
 .debug_info    0x000000000000dc0d     0x2c1a ./Drivers/STM32F4xx_HAL_Driver/Src/stm32f4xx_hal_tim.o
 .debug_info    0x0000000000010827     0x159a ./Drivers/STM32F4xx_HAL_Driver/Src/stm32f4xx_hal_tim_ex.o
 .debug_info    0x0000000000011dc1     0x31d6 ./Drivers/STM32F4xx_HAL_Driver/Src/stm32f4xx_hal_uart.o

.debug_abbrev   0x0000000000000000     0x24e9
 .debug_abbrev  0x0000000000000000      0x381 ./Core/Src/main.o
 .debug_abbrev  0x0000000000000381      0x206 ./Core/Src/stm32f4xx_hal_msp.o
 .debug_abbrev  0x0000000000000587      0x1a1 ./Core/Src/stm32f4xx_it.o
 .debug_abbrev  0x0000000000000728      0x1bf ./Core/Src/sysmem.o
 .debug_abbrev  0x00000000000008e7      0x145 ./Core/Src/system_stm32f4xx.o
 .debug_abbrev  0x0000000000000a2c       0x12 ./Core/Startup/startup_stm32f411retx.o
 .debug_abbrev  0x0000000000000a3e      0x21e ./Drivers/STM32F4xx_HAL_Driver/Src/stm32f4xx_hal.o
 .debug_abbrev  0x0000000000000c5c      0x1ef ./Drivers/STM32F4xx_HAL_Driver/Src/stm32f4xx_hal_adc.o
 .debug_abbrev  0x0000000000000e4b      0x33c ./Drivers/STM32F4xx_HAL_Driver/Src/stm32f4xx_hal_cortex.o
 .debug_abbrev  0x0000000000001187      0x219 ./Drivers/STM32F4xx_HAL_Driver/Src/stm32f4xx_hal_dma.o
 .debug_abbrev  0x00000000000013a0      0x1f1 ./Drivers/STM32F4xx_HAL_Driver/Src/stm32f4xx_hal_gpio.o
 .debug_abbrev  0x0000000000001591      0x293 ./Drivers/STM32F4xx_HAL_Driver/Src/stm32f4xx_hal_i2c.o
 .debug_abbrev  0x0000000000001824      0x275 ./Drivers/STM32F4xx_HAL_Driver/Src/stm32f4xx_hal_rcc.o
 .debug_abbrev  0x0000000000001a99      0x26e ./Drivers/STM32F4xx_HAL_Driver/Src/stm32f4xx_hal_spi.o
 .debug_abbrev  0x0000000000001d07      0x26f ./Drivers/STM32F4xx_HAL_Driver/Src/stm32f4xx_hal_tim.o
 .debug_abbrev  0x0000000000001f76      0x277 ./Drivers/STM32F4xx_HAL_Driver/Src/stm32f4xx_hal_tim_ex.o
 .debug_abbrev  0x00000000000021ed      0x2fc ./Drivers/STM32F4xx_HAL_Driver/Src/stm32f4xx_hal_uart.o

.debug_aranges  0x0000000000000000     0x1220
 .debug_aranges
                0x0000000000000000       0xb0 ./Core/Src/main.o
 .debug_aranges
                0x00000000000000b0       0x70 ./Core/Src/stm32f4xx_hal_msp.o
 .debug_aranges
                0x0000000000000120       0x88 ./Core/Src/stm32f4xx_it.o
 .debug_aranges
                0x00000000000001a8       0x20 ./Core/Src/sysmem.o
 .debug_aranges
                0x00000000000001c8       0x28 ./Core/Src/system_stm32f4xx.o
 .debug_aranges
                0x00000000000001f0       0x28 ./Core/Startup/startup_stm32f411retx.o
 .debug_aranges
                0x0000000000000218       0xf0 ./Drivers/STM32F4xx_HAL_Driver/Src/stm32f4xx_hal.o
 .debug_aranges
                0x0000000000000308       0xe8 ./Drivers/STM32F4xx_HAL_Driver/Src/stm32f4xx_hal_adc.o
 .debug_aranges
                0x00000000000003f0      0x118 ./Drivers/STM32F4xx_HAL_Driver/Src/stm32f4xx_hal_cortex.o
 .debug_aranges
                0x0000000000000508       0x90 ./Drivers/STM32F4xx_HAL_Driver/Src/stm32f4xx_hal_dma.o
 .debug_aranges
                0x0000000000000598       0x58 ./Drivers/STM32F4xx_HAL_Driver/Src/stm32f4xx_hal_gpio.o
 .debug_aranges
                0x00000000000005f0      0x2a0 ./Drivers/STM32F4xx_HAL_Driver/Src/stm32f4xx_hal_i2c.o
 .debug_aranges
                0x0000000000000890       0x88 ./Drivers/STM32F4xx_HAL_Driver/Src/stm32f4xx_hal_rcc.o
 .debug_aranges
                0x0000000000000918      0x1d0 ./Drivers/STM32F4xx_HAL_Driver/Src/stm32f4xx_hal_spi.o
 .debug_aranges
                0x0000000000000ae8      0x3d0 ./Drivers/STM32F4xx_HAL_Driver/Src/stm32f4xx_hal_tim.o
 .debug_aranges
                0x0000000000000eb8      0x168 ./Drivers/STM32F4xx_HAL_Driver/Src/stm32f4xx_hal_tim_ex.o
 .debug_aranges
                0x0000000000001020      0x200 ./Drivers/STM32F4xx_HAL_Driver/Src/stm32f4xx_hal_uart.o

.debug_ranges   0x0000000000000000     0x1170
 .debug_ranges  0x0000000000000000       0xa0 ./Core/Src/main.o
 .debug_ranges  0x00000000000000a0       0x60 ./Core/Src/stm32f4xx_hal_msp.o
 .debug_ranges  0x0000000000000100       0x78 ./Core/Src/stm32f4xx_it.o
 .debug_ranges  0x0000000000000178       0x10 ./Core/Src/sysmem.o
 .debug_ranges  0x0000000000000188       0x18 ./Core/Src/system_stm32f4xx.o
 .debug_ranges  0x00000000000001a0       0x20 ./Core/Startup/startup_stm32f411retx.o
 .debug_ranges  0x00000000000001c0       0xe0 ./Drivers/STM32F4xx_HAL_Driver/Src/stm32f4xx_hal.o
 .debug_ranges  0x00000000000002a0       0xd8 ./Drivers/STM32F4xx_HAL_Driver/Src/stm32f4xx_hal_adc.o
 .debug_ranges  0x0000000000000378      0x108 ./Drivers/STM32F4xx_HAL_Driver/Src/stm32f4xx_hal_cortex.o
 .debug_ranges  0x0000000000000480       0x80 ./Drivers/STM32F4xx_HAL_Driver/Src/stm32f4xx_hal_dma.o
 .debug_ranges  0x0000000000000500       0x48 ./Drivers/STM32F4xx_HAL_Driver/Src/stm32f4xx_hal_gpio.o
 .debug_ranges  0x0000000000000548      0x2b8 ./Drivers/STM32F4xx_HAL_Driver/Src/stm32f4xx_hal_i2c.o
 .debug_ranges  0x0000000000000800       0x78 ./Drivers/STM32F4xx_HAL_Driver/Src/stm32f4xx_hal_rcc.o
 .debug_ranges  0x0000000000000878      0x1c0 ./Drivers/STM32F4xx_HAL_Driver/Src/stm32f4xx_hal_spi.o
 .debug_ranges  0x0000000000000a38      0x3c0 ./Drivers/STM32F4xx_HAL_Driver/Src/stm32f4xx_hal_tim.o
 .debug_ranges  0x0000000000000df8      0x158 ./Drivers/STM32F4xx_HAL_Driver/Src/stm32f4xx_hal_tim_ex.o
 .debug_ranges  0x0000000000000f50      0x220 ./Drivers/STM32F4xx_HAL_Driver/Src/stm32f4xx_hal_uart.o

.debug_macro    0x0000000000000000    0x185e1
 .debug_macro   0x0000000000000000      0x3bd ./Core/Src/main.o
 .debug_macro   0x00000000000003bd      0xaa8 ./Core/Src/main.o
 .debug_macro   0x0000000000000e65      0x2ad ./Core/Src/main.o
 .debug_macro   0x0000000000001112       0x2e ./Core/Src/main.o
 .debug_macro   0x0000000000001140       0x28 ./Core/Src/main.o
 .debug_macro   0x0000000000001168       0x22 ./Core/Src/main.o
 .debug_macro   0x000000000000118a       0x8e ./Core/Src/main.o
 .debug_macro   0x0000000000001218       0x51 ./Core/Src/main.o
 .debug_macro   0x0000000000001269      0x103 ./Core/Src/main.o
 .debug_macro   0x000000000000136c       0x6a ./Core/Src/main.o
 .debug_macro   0x00000000000013d6      0x1df ./Core/Src/main.o
 .debug_macro   0x00000000000015b5       0x1c ./Core/Src/main.o
 .debug_macro   0x00000000000015d1       0x22 ./Core/Src/main.o
 .debug_macro   0x00000000000015f3       0xdf ./Core/Src/main.o
 .debug_macro   0x00000000000016d2     0x102d ./Core/Src/main.o
 .debug_macro   0x00000000000026ff      0x11f ./Core/Src/main.o
 .debug_macro   0x000000000000281e     0xb953 ./Core/Src/main.o
 .debug_macro   0x000000000000e171       0x6d ./Core/Src/main.o
 .debug_macro   0x000000000000e1de     0x3666 ./Core/Src/main.o
 .debug_macro   0x0000000000011844      0x174 ./Core/Src/main.o
 .debug_macro   0x00000000000119b8       0x5c ./Core/Src/main.o
 .debug_macro   0x0000000000011a14      0x447 ./Core/Src/main.o
 .debug_macro   0x0000000000011e5b      0x9fe ./Core/Src/main.o
 .debug_macro   0x0000000000012859      0x116 ./Core/Src/main.o
 .debug_macro   0x000000000001296f      0x11b ./Core/Src/main.o
 .debug_macro   0x0000000000012a8a       0xa5 ./Core/Src/main.o
 .debug_macro   0x0000000000012b2f      0x15f ./Core/Src/main.o
 .debug_macro   0x0000000000012c8e      0x287 ./Core/Src/main.o
 .debug_macro   0x0000000000012f15       0x5f ./Core/Src/main.o
 .debug_macro   0x0000000000012f74      0x236 ./Core/Src/main.o
 .debug_macro   0x00000000000131aa      0x9e1 ./Core/Src/main.o
 .debug_macro   0x0000000000013b8b      0x38b ./Core/Src/main.o
 .debug_macro   0x0000000000013f16      0x17d ./Core/Src/main.o
 .debug_macro   0x0000000000014093       0xf9 ./Core/Src/main.o
 .debug_macro   0x000000000001418c      0x132 ./Core/Src/main.o
 .debug_macro   0x00000000000142be      0x264 ./Core/Src/main.o
 .debug_macro   0x0000000000014522       0x2e ./Core/Src/main.o
 .debug_macro   0x0000000000014550      0x1b5 ./Core/Src/main.o
 .debug_macro   0x0000000000014705       0x22 ./Core/Src/main.o
 .debug_macro   0x0000000000014727       0xd6 ./Core/Src/main.o
 .debug_macro   0x00000000000147fd      0x11a ./Core/Src/main.o
 .debug_macro   0x0000000000014917       0x85 ./Core/Src/main.o
 .debug_macro   0x000000000001499c       0x89 ./Core/Src/main.o
 .debug_macro   0x0000000000014a25      0x225 ./Core/Src/main.o
 .debug_macro   0x0000000000014c4a      0x8d1 ./Core/Src/main.o
 .debug_macro   0x000000000001551b       0x47 ./Core/Src/main.o
 .debug_macro   0x0000000000015562      0x295 ./Core/Src/main.o
 .debug_macro   0x00000000000157f7      0x126 ./Core/Src/main.o
 .debug_macro   0x000000000001591d       0x58 ./Core/Src/main.o
 .debug_macro   0x0000000000015975       0x52 ./Core/Src/main.o
 .debug_macro   0x00000000000159c7       0x18 ./Core/Src/main.o
 .debug_macro   0x00000000000159df       0x3c ./Core/Src/main.o
 .debug_macro   0x0000000000015a1b       0x34 ./Core/Src/main.o
 .debug_macro   0x0000000000015a4f       0x16 ./Core/Src/main.o
 .debug_macro   0x0000000000015a65       0x35 ./Core/Src/main.o
 .debug_macro   0x0000000000015a9a      0x333 ./Core/Src/main.o
 .debug_macro   0x0000000000015dcd       0x10 ./Core/Src/main.o
 .debug_macro   0x0000000000015ddd       0x16 ./Core/Src/main.o
 .debug_macro   0x0000000000015df3       0x43 ./Core/Src/main.o
 .debug_macro   0x0000000000015e36       0x34 ./Core/Src/main.o
 .debug_macro   0x0000000000015e6a       0x10 ./Core/Src/main.o
 .debug_macro   0x0000000000015e7a       0x58 ./Core/Src/main.o
 .debug_macro   0x0000000000015ed2       0x71 ./Core/Src/main.o
 .debug_macro   0x0000000000015f43       0x1c ./Core/Src/main.o
 .debug_macro   0x0000000000015f5f      0x12a ./Core/Src/main.o
 .debug_macro   0x0000000000016089       0x10 ./Core/Src/main.o
 .debug_macro   0x0000000000016099       0x1c ./Core/Src/main.o
 .debug_macro   0x00000000000160b5       0x52 ./Core/Src/main.o
 .debug_macro   0x0000000000016107       0x22 ./Core/Src/main.o
 .debug_macro   0x0000000000016129       0x10 ./Core/Src/main.o
 .debug_macro   0x0000000000016139       0x40 ./Core/Src/main.o
 .debug_macro   0x0000000000016179       0xd5 ./Core/Src/main.o
 .debug_macro   0x000000000001624e       0x1c ./Core/Src/main.o
 .debug_macro   0x000000000001626a       0x3d ./Core/Src/main.o
 .debug_macro   0x00000000000162a7       0x16 ./Core/Src/main.o
 .debug_macro   0x00000000000162bd      0x145 ./Core/Src/main.o
 .debug_macro   0x0000000000016402       0x16 ./Core/Src/main.o
 .debug_macro   0x0000000000016418       0x20 ./Core/Src/main.o
 .debug_macro   0x0000000000016438      0x228 ./Core/Src/stm32f4xx_hal_msp.o
 .debug_macro   0x0000000000016660      0x232 ./Core/Src/stm32f4xx_it.o
 .debug_macro   0x0000000000016892       0xff ./Core/Src/sysmem.o
 .debug_macro   0x0000000000016991      0x23b ./Core/Src/sysmem.o
 .debug_macro   0x0000000000016bcc      0x219 ./Core/Src/system_stm32f4xx.o
 .debug_macro   0x0000000000016de5      0x279 ./Drivers/STM32F4xx_HAL_Driver/Src/stm32f4xx_hal.o
 .debug_macro   0x000000000001705e      0x21a ./Drivers/STM32F4xx_HAL_Driver/Src/stm32f4xx_hal_adc.o
 .debug_macro   0x0000000000017278      0x219 ./Drivers/STM32F4xx_HAL_Driver/Src/stm32f4xx_hal_cortex.o
 .debug_macro   0x0000000000017491      0x21f ./Drivers/STM32F4xx_HAL_Driver/Src/stm32f4xx_hal_dma.o
 .debug_macro   0x00000000000176b0      0x21f ./Drivers/STM32F4xx_HAL_Driver/Src/stm32f4xx_hal_gpio.o
 .debug_macro   0x00000000000178cf      0x260 ./Drivers/STM32F4xx_HAL_Driver/Src/stm32f4xx_hal_i2c.o
 .debug_macro   0x0000000000017b2f      0x23d ./Drivers/STM32F4xx_HAL_Driver/Src/stm32f4xx_hal_rcc.o
 .debug_macro   0x0000000000017d6c      0x228 ./Drivers/STM32F4xx_HAL_Driver/Src/stm32f4xx_hal_spi.o
 .debug_macro   0x0000000000017f94      0x21a ./Drivers/STM32F4xx_HAL_Driver/Src/stm32f4xx_hal_tim.o
 .debug_macro   0x00000000000181ae      0x219 ./Drivers/STM32F4xx_HAL_Driver/Src/stm32f4xx_hal_tim_ex.o
 .debug_macro   0x00000000000183c7      0x21a ./Drivers/STM32F4xx_HAL_Driver/Src/stm32f4xx_hal_uart.o

.debug_line     0x0000000000000000    0x14ed3
 .debug_line    0x0000000000000000      0xdbc ./Core/Src/main.o
 .debug_line    0x0000000000000dbc      0x8e2 ./Core/Src/stm32f4xx_hal_msp.o
 .debug_line    0x000000000000169e      0x890 ./Core/Src/stm32f4xx_it.o
 .debug_line    0x0000000000001f2e      0x4f8 ./Core/Src/sysmem.o
 .debug_line    0x0000000000002426      0x7d7 ./Core/Src/system_stm32f4xx.o
 .debug_line    0x0000000000002bfd       0x88 ./Core/Startup/startup_stm32f411retx.o
 .debug_line    0x0000000000002c85      0xa3d ./Drivers/STM32F4xx_HAL_Driver/Src/stm32f4xx_hal.o
 .debug_line    0x00000000000036c2     0x1201 ./Drivers/STM32F4xx_HAL_Driver/Src/stm32f4xx_hal_adc.o
 .debug_line    0x00000000000048c3      0xcec ./Drivers/STM32F4xx_HAL_Driver/Src/stm32f4xx_hal_cortex.o
 .debug_line    0x00000000000055af      0xfa2 ./Drivers/STM32F4xx_HAL_Driver/Src/stm32f4xx_hal_dma.o
 .debug_line    0x0000000000006551      0xb77 ./Drivers/STM32F4xx_HAL_Driver/Src/stm32f4xx_hal_gpio.o
 .debug_line    0x00000000000070c8     0x39e9 ./Drivers/STM32F4xx_HAL_Driver/Src/stm32f4xx_hal_i2c.o
 .debug_line    0x000000000000aab1      0xdb9 ./Drivers/STM32F4xx_HAL_Driver/Src/stm32f4xx_hal_rcc.o
 .debug_line    0x000000000000b86a     0x1cc5 ./Drivers/STM32F4xx_HAL_Driver/Src/stm32f4xx_hal_spi.o
 .debug_line    0x000000000000d52f     0x350b ./Drivers/STM32F4xx_HAL_Driver/Src/stm32f4xx_hal_tim.o
 .debug_line    0x0000000000010a3a     0x19d5 ./Drivers/STM32F4xx_HAL_Driver/Src/stm32f4xx_hal_tim_ex.o
 .debug_line    0x000000000001240f     0x2ac4 ./Drivers/STM32F4xx_HAL_Driver/Src/stm32f4xx_hal_uart.o

.debug_str      0x0000000000000000    0x9e732
 .debug_str     0x0000000000000000    0x9a3fe ./Core/Src/main.o
                                      0x9a87e (size before relaxing)
 .debug_str     0x000000000009a3fe       0xf1 ./Core/Src/stm32f4xx_hal_msp.o
                                      0x9646a (size before relaxing)
 .debug_str     0x000000000009a4ef      0x12b ./Core/Src/stm32f4xx_it.o
                                      0x95c5f (size before relaxing)
 .debug_str     0x000000000009a61a      0x4e9 ./Core/Src/sysmem.o
                                       0x62af (size before relaxing)
 .debug_str     0x000000000009ab03       0xaf ./Core/Src/system_stm32f4xx.o
                                      0x9521c (size before relaxing)
 .debug_str     0x000000000009abb2       0x36 ./Core/Startup/startup_stm32f411retx.o
                                         0x80 (size before relaxing)
 .debug_str     0x000000000009abe8      0x57e ./Drivers/STM32F4xx_HAL_Driver/Src/stm32f4xx_hal.o
                                      0x95ba6 (size before relaxing)
 .debug_str     0x000000000009b166      0x284 ./Drivers/STM32F4xx_HAL_Driver/Src/stm32f4xx_hal_adc.o
                                      0x957b6 (size before relaxing)
 .debug_str     0x000000000009b3ea      0x392 ./Drivers/STM32F4xx_HAL_Driver/Src/stm32f4xx_hal_cortex.o
                                      0x95983 (size before relaxing)
 .debug_str     0x000000000009b77c      0x315 ./Drivers/STM32F4xx_HAL_Driver/Src/stm32f4xx_hal_dma.o
                                      0x95634 (size before relaxing)
 .debug_str     0x000000000009ba91      0x15f ./Drivers/STM32F4xx_HAL_Driver/Src/stm32f4xx_hal_gpio.o
                                      0x953c3 (size before relaxing)
 .debug_str     0x000000000009bbf0      0xaa9 ./Drivers/STM32F4xx_HAL_Driver/Src/stm32f4xx_hal_i2c.o
                                      0x96191 (size before relaxing)
 .debug_str     0x000000000009c699      0x243 ./Drivers/STM32F4xx_HAL_Driver/Src/stm32f4xx_hal_rcc.o
                                      0x9561e (size before relaxing)
 .debug_str     0x000000000009c8dc      0x548 ./Drivers/STM32F4xx_HAL_Driver/Src/stm32f4xx_hal_spi.o
                                      0x95aae (size before relaxing)
 .debug_str     0x000000000009ce24      0xdf9 ./Drivers/STM32F4xx_HAL_Driver/Src/stm32f4xx_hal_tim.o
                                      0x96539 (size before relaxing)
 .debug_str     0x000000000009dc1d      0x538 ./Drivers/STM32F4xx_HAL_Driver/Src/stm32f4xx_hal_tim_ex.o
                                      0x95cea (size before relaxing)
 .debug_str     0x000000000009e155      0x5dd ./Drivers/STM32F4xx_HAL_Driver/Src/stm32f4xx_hal_uart.o
                                      0x95b92 (size before relaxing)

.comment        0x0000000000000000       0x53
 .comment       0x0000000000000000       0x53 ./Core/Src/main.o
                                         0x54 (size before relaxing)
 .comment       0x0000000000000053       0x54 ./Core/Src/stm32f4xx_hal_msp.o
 .comment       0x0000000000000053       0x54 ./Core/Src/stm32f4xx_it.o
 .comment       0x0000000000000053       0x54 ./Core/Src/sysmem.o
 .comment       0x0000000000000053       0x54 ./Core/Src/system_stm32f4xx.o
 .comment       0x0000000000000053       0x54 ./Drivers/STM32F4xx_HAL_Driver/Src/stm32f4xx_hal.o
 .comment       0x0000000000000053       0x54 ./Drivers/STM32F4xx_HAL_Driver/Src/stm32f4xx_hal_adc.o
 .comment       0x0000000000000053       0x54 ./Drivers/STM32F4xx_HAL_Driver/Src/stm32f4xx_hal_cortex.o
 .comment       0x0000000000000053       0x54 ./Drivers/STM32F4xx_HAL_Driver/Src/stm32f4xx_hal_dma.o
 .comment       0x0000000000000053       0x54 ./Drivers/STM32F4xx_HAL_Driver/Src/stm32f4xx_hal_gpio.o
 .comment       0x0000000000000053       0x54 ./Drivers/STM32F4xx_HAL_Driver/Src/stm32f4xx_hal_i2c.o
 .comment       0x0000000000000053       0x54 ./Drivers/STM32F4xx_HAL_Driver/Src/stm32f4xx_hal_rcc.o
 .comment       0x0000000000000053       0x54 ./Drivers/STM32F4xx_HAL_Driver/Src/stm32f4xx_hal_spi.o
 .comment       0x0000000000000053       0x54 ./Drivers/STM32F4xx_HAL_Driver/Src/stm32f4xx_hal_tim.o
 .comment       0x0000000000000053       0x54 ./Drivers/STM32F4xx_HAL_Driver/Src/stm32f4xx_hal_tim_ex.o
 .comment       0x0000000000000053       0x54 ./Drivers/STM32F4xx_HAL_Driver/Src/stm32f4xx_hal_uart.o

.debug_frame    0x0000000000000000     0x533c
 .debug_frame   0x0000000000000000      0x28c ./Core/Src/main.o
 .debug_frame   0x000000000000028c      0x19c ./Core/Src/stm32f4xx_hal_msp.o
 .debug_frame   0x0000000000000428      0x190 ./Core/Src/stm32f4xx_it.o
 .debug_frame   0x00000000000005b8       0x34 ./Core/Src/sysmem.o
 .debug_frame   0x00000000000005ec       0x58 ./Core/Src/system_stm32f4xx.o
 .debug_frame   0x0000000000000644      0x374 ./Drivers/STM32F4xx_HAL_Driver/Src/stm32f4xx_hal.o
 .debug_frame   0x00000000000009b8      0x3fc ./Drivers/STM32F4xx_HAL_Driver/Src/stm32f4xx_hal_adc.o
 .debug_frame   0x0000000000000db4      0x498 ./Drivers/STM32F4xx_HAL_Driver/Src/stm32f4xx_hal_cortex.o
 .debug_frame   0x000000000000124c      0x250 ./Drivers/STM32F4xx_HAL_Driver/Src/stm32f4xx_hal_dma.o
 .debug_frame   0x000000000000149c      0x14c ./Drivers/STM32F4xx_HAL_Driver/Src/stm32f4xx_hal_gpio.o
 .debug_frame   0x00000000000015e8      0xc5c ./Drivers/STM32F4xx_HAL_Driver/Src/stm32f4xx_hal_i2c.o
 .debug_frame   0x0000000000002244      0x1f0 ./Drivers/STM32F4xx_HAL_Driver/Src/stm32f4xx_hal_rcc.o
 .debug_frame   0x0000000000002434      0x824 ./Drivers/STM32F4xx_HAL_Driver/Src/stm32f4xx_hal_spi.o
 .debug_frame   0x0000000000002c58     0x11bc ./Drivers/STM32F4xx_HAL_Driver/Src/stm32f4xx_hal_tim.o
 .debug_frame   0x0000000000003e14      0x638 ./Drivers/STM32F4xx_HAL_Driver/Src/stm32f4xx_hal_tim_ex.o
 .debug_frame   0x000000000000444c      0x92c ./Drivers/STM32F4xx_HAL_Driver/Src/stm32f4xx_hal_uart.o
 .debug_frame   0x0000000000004d78       0x20 c:/st/stm32cubeide_1.8.0/stm32cubeide/plugins/com.st.stm32cube.ide.mcu.externaltools.gnu-tools-for-stm32.9-2020-q2-update.win32_2.0.0.202105311346/tools/bin/../lib/gcc/arm-none-eabi/9.3.1/../../../../arm-none-eabi/lib/thumb/v7e-m+fp/hard\libc_nano.a(lib_a-errno.o)
 .debug_frame   0x0000000000004d98       0x2c c:/st/stm32cubeide_1.8.0/stm32cubeide/plugins/com.st.stm32cube.ide.mcu.externaltools.gnu-tools-for-stm32.9-2020-q2-update.win32_2.0.0.202105311346/tools/bin/../lib/gcc/arm-none-eabi/9.3.1/../../../../arm-none-eabi/lib/thumb/v7e-m+fp/hard\libc_nano.a(lib_a-init.o)
 .debug_frame   0x0000000000004dc4       0x20 c:/st/stm32cubeide_1.8.0/stm32cubeide/plugins/com.st.stm32cube.ide.mcu.externaltools.gnu-tools-for-stm32.9-2020-q2-update.win32_2.0.0.202105311346/tools/bin/../lib/gcc/arm-none-eabi/9.3.1/../../../../arm-none-eabi/lib/thumb/v7e-m+fp/hard\libc_nano.a(lib_a-memset.o)