main.c:124:5:main	8	static
main.c:184:6:SystemClock_Config	88	static
main.c:229:13:MX_ADC1_Init	24	static
main.c:279:13:MX_I2C1_Init	8	static
main.c:313:13:MX_SPI3_Init	8	static
main.c:351:13:MX_TIM2_Init	48	static
main.c:409:13:MX_TIM11_Init	8	static
main.c:440:13:MX_USART2_UART_Init	8	static
main.c:471:13:MX_DMA_Init	16	static
main.c:493:13:MX_GPIO_Init	48	static
main.c:539:6:UI_UART	8	static
main.c:642:6:HAL_UART_RxCpltCallback	16	static
main.c:646:6:buttonReaderCycle	16	static
main.c:661:6:EEPROMWrite	16	static
main.c:676:6:EEPROMRead	24	static
main.c:686:6:IOExpenderInit	4	static
main.c:712:6:HAL_SPI_TxCpltCallback	16	static
main.c:735:6:HAL_TIM_PeriodElapsedCallback	24	static
main.c:741:17:micros	12	static
main.c:750:6:Error_Handler	4	static,ignoring_inline_asm
