main.c:126:5:main	8	static
main.c:186:6:SystemClock_Config	88	static
main.c:231:13:MX_ADC1_Init	24	static
main.c:281:13:MX_I2C1_Init	8	static
main.c:315:13:MX_SPI3_Init	8	static
main.c:353:13:MX_TIM2_Init	48	static
main.c:411:13:MX_TIM11_Init	8	static
main.c:442:13:MX_USART2_UART_Init	8	static
main.c:473:13:MX_DMA_Init	16	static
main.c:491:13:MX_GPIO_Init	48	static
main.c:537:6:UI_UART	8	static
main.c:640:6:HAL_UART_RxCpltCallback	16	static
main.c:644:6:buttonReaderCycle	16	static
main.c:659:6:EEPROMWrite	16	static
main.c:674:6:EEPROMRead	24	static
main.c:684:6:IOExpenderInit	4	static
main.c:710:6:HAL_SPI_TxCpltCallback	16	static
main.c:734:6:ADCPollingMethodUpdate	8	static
main.c:760:6:HAL_TIM_PeriodElapsedCallback	24	static
main.c:766:17:micros	12	static
main.c:775:6:Error_Handler	4	static,ignoring_inline_asm
